Component: ARM Compiler 5.06 update 6 (build 750) Tool: armlink [4d35ed]

==============================================================================

Section Cross References

    buttoninterrupts.o(i.EXTI3_IRQHandler) refers to throttle.o(i.increaseThrottle) for increaseThrottle
    buttoninterrupts.o(i.EXTI9_5_IRQHandler) refers to throttle.o(i.decreaseThrottle) for decreaseThrottle
    main.o(i.main) refers to initializations.o(i.clock_init) for clock_init
    main.o(i.main) refers to sysclock.o(i.System_Clock_Init) for System_Clock_Init
    main.o(i.main) refers to initializations.o(i.joystick_init) for joystick_init
    main.o(i.main) refers to initializations.o(i.interrupt_init) for interrupt_init
    main.o(i.main) refers to initializations.o(i.pwm_init) for pwm_init
    main.o(i.main) refers to i2c.o(i.I2C_GPIO_Init) for I2C_GPIO_Init
    main.o(i.main) refers to i2c.o(i.I2C_Initialization) for I2C_Initialization
    main.o(i.main) refers to lcd.o(i.LCD_Initialization) for LCD_Initialization
    main.o(i.main) refers to lcd.o(i.LCD_Clear) for LCD_Clear
    main.o(i.main) refers to ina260.o(i.INA260_init) for INA260_init
    main.o(i.main) refers to l3gd20.o(i.GYRO_Init) for GYRO_Init
    main.o(i.main) refers to systimer.o(i.SysTick_Init) for SysTick_Init
    startup_stm32l476xx.o(STACK) refers (Special) to heapauxi.o(.text) for __use_two_region_memory
    startup_stm32l476xx.o(HEAP) refers (Special) to heapauxi.o(.text) for __use_two_region_memory
    startup_stm32l476xx.o(RESET) refers (Special) to heapauxi.o(.text) for __use_two_region_memory
    startup_stm32l476xx.o(RESET) refers to startup_stm32l476xx.o(STACK) for __initial_sp
    startup_stm32l476xx.o(RESET) refers to startup_stm32l476xx.o(.text) for Reset_Handler
    startup_stm32l476xx.o(RESET) refers to systimer.o(i.SysTick_Handler) for SysTick_Handler
    startup_stm32l476xx.o(RESET) refers to buttoninterrupts.o(i.EXTI3_IRQHandler) for EXTI3_IRQHandler
    startup_stm32l476xx.o(RESET) refers to buttoninterrupts.o(i.EXTI9_5_IRQHandler) for EXTI9_5_IRQHandler
    startup_stm32l476xx.o(.text) refers (Special) to heapauxi.o(.text) for __use_two_region_memory
    startup_stm32l476xx.o(.text) refers to __main.o(!!!main) for __main
    startup_stm32l476xx.o(.text) refers to startup_stm32l476xx.o(HEAP) for Heap_Mem
    startup_stm32l476xx.o(.text) refers to startup_stm32l476xx.o(STACK) for Stack_Mem
    i2c.o(i.I2C_ReceiveData) refers to i2c.o(i.I2C_WaitLineIdle) for I2C_WaitLineIdle
    i2c.o(i.I2C_ReceiveData) refers to i2c.o(i.I2C_Start) for I2C_Start
    i2c.o(i.I2C_ReceiveData) refers to i2c.o(i.I2C_Stop) for I2C_Stop
    i2c.o(i.I2C_SendData) refers to i2c.o(i.I2C_WaitLineIdle) for I2C_WaitLineIdle
    i2c.o(i.I2C_SendData) refers to i2c.o(i.I2C_Start) for I2C_Start
    i2c.o(i.I2C_SendData) refers to i2c.o(i.I2C_Stop) for I2C_Stop
    lcd.o(i.LCD_Conv_Char_Seg) refers to lcd.o(.constdata) for NumberMap
    lcd.o(i.LCD_DisplayString) refers to lcd.o(i.LCD_WriteChar) for LCD_WriteChar
    lcd.o(i.LCD_Initialization) refers to lcd.o(i.LCD_PIN_Init) for LCD_PIN_Init
    lcd.o(i.LCD_Initialization) refers to lcd.o(i.LCD_Clock_Init) for LCD_Clock_Init
    lcd.o(i.LCD_Initialization) refers to lcd.o(i.LCD_Configure) for LCD_Configure
    lcd.o(i.LCD_Initialization) refers to lcd.o(i.LCD_Clear) for LCD_Clear
    lcd.o(i.LCD_WriteChar) refers to lcd.o(i.LCD_Conv_Char_Seg) for LCD_Conv_Char_Seg
    lcd.o(i.LCD_bar) refers to lcd.o(.data) for t_bar
    ina260.o(i.INA260_init) refers to i2c.o(i.I2C_SendData) for I2C_SendData
    ina260.o(i.INA260_init) refers to ina260.o(.data) for voltageRegisterAddress
    ina260.o(i.INA260_read) refers to _printf_percent.o(.ARM.Collect$$_printf_percent$$00000000) for _printf_percent
    ina260.o(i.INA260_read) refers to _printf_f.o(.ARM.Collect$$_printf_percent$$00000003) for _printf_f
    ina260.o(i.INA260_read) refers to printf1.o(x$fpl$printf1) for _printf_fp_dec
    ina260.o(i.INA260_read) refers to i2c.o(i.I2C_ReceiveData) for I2C_ReceiveData
    ina260.o(i.INA260_read) refers to dflt_clz.o(x$fpl$dfltu) for __aeabi_ui2d
    ina260.o(i.INA260_read) refers to dmul.o(x$fpl$dmul) for __aeabi_dmul
    ina260.o(i.INA260_read) refers to ddiv.o(x$fpl$ddiv) for __aeabi_ddiv
    ina260.o(i.INA260_read) refers to d2f.o(x$fpl$d2f) for __aeabi_d2f
    ina260.o(i.INA260_read) refers to f2d.o(x$fpl$f2d) for __aeabi_f2d
    ina260.o(i.INA260_read) refers to noretval__2sprintf.o(.text) for __2sprintf
    ina260.o(i.INA260_read) refers to lcd.o(i.LCD_DisplayString) for LCD_DisplayString
    ina260.o(i.INA260_read) refers to ina260.o(.data) for Data_Receive
    systimer.o(i.SysTick_Handler) refers to ina260.o(i.INA260_read) for INA260_read
    systimer.o(i.SysTick_Handler) refers to systimer.o(.data) for msTicks
    systimer.o(i.delay) refers to systimer.o(.data) for msTicks
    l3gd20.o(i.GYRO_IO_Read) refers to spi.o(i.SPI_Delay) for SPI_Delay
    l3gd20.o(i.GYRO_IO_Read) refers to spi.o(i.SPI_Write) for SPI_Write
[...]
    libinit.o(.ARM.Collect$$libinit$$00000000) refers (Special) to libinit2.o(.ARM.Collect$$libinit$$00000001) for __rt_lib_init_fp_1
    libinit.o(.ARM.Collect$$libinit$$00000000) refers (Special) to libinit2.o(.ARM.Collect$$libinit$$0000001F) for __rt_lib_init_fp_trap_1
    libinit.o(.ARM.Collect$$libinit$$00000000) refers (Special) to libinit2.o(.ARM.Collect$$libinit$$00000023) for __rt_lib_init_getenv_1
    libinit.o(.ARM.Collect$$libinit$$00000000) refers (Special) to libinit2.o(.ARM.Collect$$libinit$$0000000A) for __rt_lib_init_heap_1
    libinit.o(.ARM.Collect$$libinit$$00000000) refers (Special) to libinit2.o(.ARM.Collect$$libinit$$00000011) for __rt_lib_init_lc_collate_1
    libinit.o(.ARM.Collect$$libinit$$00000000) refers (Special) to libinit2.o(.ARM.Collect$$libinit$$00000013) for __rt_lib_init_lc_ctype_1
    libinit.o(.ARM.Collect$$libinit$$00000000) refers (Special) to libinit2.o(.ARM.Collect$$libinit$$00000015) for __rt_lib_init_lc_monetary_1
    libinit.o(.ARM.Collect$$libinit$$00000000) refers (Special) to libinit2.o(.ARM.Collect$$libinit$$00000017) for __rt_lib_init_lc_numeric_1
    libinit.o(.ARM.Collect$$libinit$$00000000) refers (Special) to libinit2.o(.ARM.Collect$$libinit$$00000019) for __rt_lib_init_lc_time_1
    libinit.o(.ARM.Collect$$libinit$$00000000) refers (Special) to libinit2.o(.ARM.Collect$$libinit$$00000004) for __rt_lib_init_preinit_1
    libinit.o(.ARM.Collect$$libinit$$00000000) refers (Special) to libinit2.o(.ARM.Collect$$libinit$$0000000E) for __rt_lib_init_rand_1
    libinit.o(.ARM.Collect$$libinit$$00000000) refers (Special) to libinit2.o(.ARM.Collect$$libinit$$00000033) for __rt_lib_init_return
    libinit.o(.ARM.Collect$$libinit$$00000000) refers (Special) to libinit2.o(.ARM.Collect$$libinit$$0000001D) for __rt_lib_init_signal_1
    libinit.o(.ARM.Collect$$libinit$$00000000) refers (Special) to libinit2.o(.ARM.Collect$$libinit$$00000025) for __rt_lib_init_stdio_1
    libinit.o(.ARM.Collect$$libinit$$00000000) refers (Special) to libinit2.o(.ARM.Collect$$libinit$$0000000C) for __rt_lib_init_user_alloc_1
    libinit2.o(.ARM.Collect$$libinit$$00000001) refers to fpinit.o(x$fpl$fpinit) for _fp_init
    libinit2.o(.ARM.Collect$$libinit$$0000000F) refers (Weak) to rt_locale_intlibspace.o(.text) for __rt_locale
    libinit2.o(.ARM.Collect$$libinit$$00000010) refers to libinit2.o(.ARM.Collect$$libinit$$0000000F) for .ARM.Collect$$libinit$$0000000F
    libinit2.o(.ARM.Collect$$libinit$$00000012) refers to libinit2.o(.ARM.Collect$$libinit$$0000000F) for .ARM.Collect$$libinit$$0000000F
    libinit2.o(.ARM.Collect$$libinit$$00000014) refers to libinit2.o(.ARM.Collect$$libinit$$0000000F) for .ARM.Collect$$libinit$$0000000F
    libinit2.o(.ARM.Collect$$libinit$$00000016) refers to libinit2.o(.ARM.Collect$$libinit$$0000000F) for .ARM.Collect$$libinit$$0000000F
    libinit2.o(.ARM.Collect$$libinit$$00000016) refers (Weak) to lc_numeric_c.o(locale$$code) for _get_lc_numeric
    libinit2.o(.ARM.Collect$$libinit$$00000018) refers to libinit2.o(.ARM.Collect$$libinit$$0000000F) for .ARM.Collect$$libinit$$0000000F
    libinit2.o(.ARM.Collect$$libinit$$00000026) refers to argv_veneer.o(.emb_text) for __ARM_argv_veneer
    libinit2.o(.ARM.Collect$$libinit$$00000027) refers to argv_veneer.o(.emb_text) for __ARM_argv_veneer
    rtexit.o(.ARM.Collect$$rtexit$$00000000) refers (Special) to rtexit2.o(.ARM.Collect$$rtexit$$00000004) for __rt_exit_exit
    rtexit.o(.ARM.Collect$$rtexit$$00000000) refers (Special) to rtexit2.o(.ARM.Collect$$rtexit$$00000003) for __rt_exit_ls
    rtexit.o(.ARM.Collect$$rtexit$$00000000) refers (Special) to rtexit2.o(.ARM.Collect$$rtexit$$00000002) for __rt_exit_prels_1
    rtexit.o(.ARM.exidx) refers (Special) to rtexit2.o(.ARM.Collect$$rtexit$$00000004) for __rt_exit_exit
    rtexit.o(.ARM.exidx) refers (Special) to rtexit2.o(.ARM.Collect$$rtexit$$00000003) for __rt_exit_ls
    rtexit.o(.ARM.exidx) refers (Special) to rtexit2.o(.ARM.Collect$$rtexit$$00000002) for __rt_exit_prels_1
    rtexit.o(.ARM.exidx) refers to rtexit.o(.ARM.Collect$$rtexit$$00000000) for .ARM.Collect$$rtexit$$00000000
    argv_veneer.o(.emb_text) refers to no_argv.o(.text) for __ARM_get_argv
    rtexit2.o(.ARM.Collect$$rtexit$$00000003) refers to libshutdown.o(.ARM.Collect$$libshutdown$$00000000) for __rt_lib_shutdown
    rtexit2.o(.ARM.Collect$$rtexit$$00000004) refers to sys_exit.o(.text) for _sys_exit
    rtexit2.o(.ARM.exidx) refers to rtexit2.o(.ARM.Collect$$rtexit$$00000001) for .ARM.Collect$$rtexit$$00000001
    rtexit2.o(.ARM.exidx) refers to rtexit2.o(.ARM.Collect$$rtexit$$00000003) for .ARM.Collect$$rtexit$$00000003
    rtexit2.o(.ARM.exidx) refers to rtexit2.o(.ARM.Collect$$rtexit$$00000004) for .ARM.Collect$$rtexit$$00000004
    _get_argv_nomalloc.o(.text) refers (Special) to hrguard.o(.text) for __heap_region$guard
    _get_argv_nomalloc.o(.text) refers to defsig_rtmem_outer.o(.text) for __rt_SIGRTMEM
    _get_argv_nomalloc.o(.text) refers to sys_command.o(.text) for _sys_command_string
    sys_command.o(.text) refers (Special) to use_no_semi.o(.text) for __I$use$semihosting
    sys_command.o(.text) refers (Special) to indicate_semi.o(.text) for __semihosting_library_function
    sys_exit.o(.text) refers (Special) to use_no_semi.o(.text) for __I$use$semihosting
    sys_exit.o(.text) refers (Special) to indicate_semi.o(.text) for __semihosting_library_function
    defsig_rtmem_outer.o(.text) refers to defsig_rtmem_inner.o(.text) for __rt_SIGRTMEM_inner
    defsig_rtmem_outer.o(.text) refers to defsig_exit.o(.text) for __sig_exit
    defsig_rtmem_formal.o(.text) refers to rt_raise.o(.text) for __rt_raise
    libshutdown.o(.ARM.Collect$$libshutdown$$00000000) refers (Special) to libshutdown2.o(.ARM.Collect$$libshutdown$$00000002) for __rt_lib_shutdown_cpp_1
    libshutdown.o(.ARM.Collect$$libshutdown$$00000000) refers (Special) to libshutdown2.o(.ARM.Collect$$libshutdown$$00000007) for __rt_lib_shutdown_fp_trap_1
    libshutdown.o(.ARM.Collect$$libshutdown$$00000000) refers (Special) to libshutdown2.o(.ARM.Collect$$libshutdown$$0000000F) for __rt_lib_shutdown_heap_1
    libshutdown.o(.ARM.Collect$$libshutdown$$00000000) refers (Special) to libshutdown2.o(.ARM.Collect$$libshutdown$$00000010) for __rt_lib_shutdown_return
    libshutdown.o(.ARM.Collect$$libshutdown$$00000000) refers (Special) to libshutdown2.o(.ARM.Collect$$libshutdown$$0000000A) for __rt_lib_shutdown_signal_1
    libshutdown.o(.ARM.Collect$$libshutdown$$00000000) refers (Special) to libshutdown2.o(.ARM.Collect$$libshutdown$$00000004) for __rt_lib_shutdown_stdio_1
    libshutdown.o(.ARM.Collect$$libshutdown$$00000000) refers (Special) to libshutdown2.o(.ARM.Collect$$libshutdown$$0000000C) for __rt_lib_shutdown_user_alloc_1
    rt_raise.o(.text) refers to __raise.o(.text) for __raise
    rt_raise.o(.text) refers to sys_exit.o(.text) for _sys_exit
    defsig_exit.o(.text) refers to sys_exit.o(.text) for _sys_exit
    defsig_rtmem_inner.o(.text) refers to defsig_general.o(.text) for __default_signal_display
    __raise.o(.text) refers to defsig.o(CL$$defsig) for __default_signal_handler
    defsig_general.o(.text) refers to sys_wrch.o(.text) for _ttywrch
    sys_wrch.o(.text) refers (Special) to use_no_semi.o(.text) for __I$use$semihosting
    sys_wrch.o(.text) refers (Special) to indicate_semi.o(.text) for __semihosting_library_function
    defsig.o(CL$$defsig) refers to defsig_rtmem_inner.o(.text) for __rt_SIGRTMEM_inner
    defsig_abrt_inner.o(.text) refers to defsig_general.o(.text) for __default_signal_display
    defsig_fpe_inner.o(.text) refers to defsig_general.o(.text) for __default_signal_display
    defsig_rtred_inner.o(.text) refers to defsig_general.o(.text) for __default_signal_display
    defsig_stak_inner.o(.text) refers to defsig_general.o(.text) for __default_signal_display
    defsig_pvfn_inner.o(.text) refers to defsig_general.o(.text) for __default_signal_display
    defsig_cppl_inner.o(.text) refers to defsig_general.o(.text) for __default_signal_display
    defsig_segv_inner.o(.text) refers to defsig_general.o(.text) for __default_signal_display
    defsig_other.o(.text) refers to defsig_general.o(.text) for __default_signal_display


==============================================================================

Removing Unused input sections from the image.

    Removing buttoninterrupts.o(.rev16_text), (4 bytes).
    Removing buttoninterrupts.o(.revsh_text), (4 bytes).
    Removing buttoninterrupts.o(.rrx_text), (6 bytes).
    Removing initializations.o(.rev16_text), (4 bytes).
    Removing initializations.o(.revsh_text), (4 bytes).
    Removing initializations.o(.rrx_text), (6 bytes).
    Removing main.o(.rev16_text), (4 bytes).
    Removing main.o(.revsh_text), (4 bytes).
    Removing main.o(.rrx_text), (6 bytes).
    Removing throttle.o(.rev16_text), (4 bytes).
    Removing throttle.o(.revsh_text), (4 bytes).
    Removing throttle.o(.rrx_text), (6 bytes).
    Removing throttle.o(i.Motor1_decrease), (40 bytes).
    Removing throttle.o(i.Motor1_increase), (40 bytes).
    Removing throttle.o(i.Motor2_decrease), (40 bytes).
    Removing throttle.o(i.Motor2_increase), (40 bytes).
    Removing throttle.o(i.Motor3_decrease), (40 bytes).
    Removing throttle.o(i.Motor3_increase), (40 bytes).
    Removing throttle.o(i.Motor4_decrease), (40 bytes).
    Removing throttle.o(i.Motor4_increase), (40 bytes).
    Removing throttle.o(i.killThrottle), (16 bytes).
    Removing i2c.o(.rev16_text), (4 bytes).
    Removing i2c.o(.revsh_text), (4 bytes).
    Removing i2c.o(.rrx_text), (6 bytes).
    Removing lcd.o(.rev16_text), (4 bytes).
    Removing lcd.o(.revsh_text), (4 bytes).
    Removing lcd.o(.rrx_text), (6 bytes).
    Removing lcd.o(i.LCD_bar), (192 bytes).
    Removing lcd.o(.data), (2 bytes).
    Removing sysclock.o(.rev16_text), (4 bytes).
    Removing sysclock.o(.revsh_text), (4 bytes).
    Removing sysclock.o(.rrx_text), (6 bytes).
    Removing ina260.o(.rev16_text), (4 bytes).
    Removing ina260.o(.revsh_text), (4 bytes).
    Removing ina260.o(.rrx_text), (6 bytes).
    Removing systimer.o(.rev16_text), (4 bytes).
    Removing systimer.o(.revsh_text), (4 bytes).
    Removing systimer.o(.rrx_text), (6 bytes).
    Removing systimer.o(i.delay), (28 bytes).
    Removing spi.o(.rev16_text), (4 bytes).
    Removing spi.o(.revsh_text), (4 bytes).
    Removing spi.o(.rrx_text), (6 bytes).
    Removing spi.o(i.SPI_Read), (62 bytes).
    Removing spi.o(i.SPIx_IRQHandler), (34 bytes).
    Removing l3gd20.o(.rev16_text), (4 bytes).
    Removing l3gd20.o(.revsh_text), (4 bytes).
    Removing l3gd20.o(.rrx_text), (6 bytes).
    Removing l3gd20.o(i.GYRO_IO_Read), (88 bytes).
    Removing angle.o(.rev16_text), (4 bytes).
    Removing angle.o(.revsh_text), (4 bytes).
    Removing angle.o(.rrx_text), (6 bytes).
    Removing angle.o(i.Angle_init), (92 bytes).
    Removing angle.o(i.get_v_x), (104 bytes).
    Removing angle.o(i.get_v_y), (104 bytes).
    Removing angle.o(i.get_v_z), (104 bytes).
    Removing angle.o(i.get_x_angle), (72 bytes).
    Removing angle.o(i.get_y_angle), (72 bytes).
    Removing angle.o(i.get_z_angle), (72 bytes).
    Removing angle.o(.data), (24 bytes).

59 unused section(s) (total 1554 bytes) removed from the image.

==============================================================================

Image Symbol Table

    Local Symbols

    Symbol Name                              Value     Ov Type        Size  Object(Section)

    ../clib/angel/boardlib.s                 0x00000000   Number         0  boardinit2.o ABSOLUTE
    ../clib/angel/boardlib.s                 0x00000000   Number         0  boardinit1.o ABSOLUTE
    ../clib/angel/boardlib.s                 0x00000000   Number         0  boardshut.o ABSOLUTE
    ../clib/angel/boardlib.s                 0x00000000   Number         0  boardinit3.o ABSOLUTE
    ../clib/angel/handlers.s                 0x00000000   Number         0  __scatter_copy.o ABSOLUTE
    ../clib/angel/handlers.s                 0x00000000   Number         0  __scatter_zi.o ABSOLUTE
    ../clib/angel/kernel.s                   0x00000000   Number         0  __rtentry2.o ABSOLUTE
    ../clib/angel/kernel.s                   0x00000000   Number         0  rtexit2.o ABSOLUTE
    ../clib/angel/kernel.s                   0x00000000   Number         0  rtexit.o ABSOLUTE
    ../clib/angel/kernel.s                   0x00000000   Number         0  __rtentry.o ABSOLUTE
    ../clib/angel/kernel.s                   0x00000000   Number         0  __rtentry4.o ABSOLUTE
    ../clib/angel/rt.s                       0x00000000   Number         0  rt_locale_intlibspace.o ABSOLUTE
    ../clib/angel/rt.s                       0x00000000   Number         0  rt_raise.o ABSOLUTE
    ../clib/angel/rt.s                       0x00000000   Number         0  rt_locale.o ABSOLUTE
    ../clib/angel/scatter.s                  0x00000000   Number         0  __scatter.o ABSOLUTE
    ../clib/angel/startup.s                  0x00000000   Number         0  __main.o ABSOLUTE
    ../clib/angel/sys.s                      0x00000000   Number         0  libspace.o ABSOLUTE
    ../clib/angel/sys.s                      0x00000000   Number         0  indicate_semi.o ABSOLUTE
    ../clib/angel/sys.s                      0x00000000   Number         0  sys_stackheap_outer.o ABSOLUTE
    ../clib/angel/sys.s                      0x00000000   Number         0  use_no_semi.o ABSOLUTE
    ../clib/angel/sysapp.c                   0x00000000   Number         0  sys_wrch.o ABSOLUTE
    ../clib/angel/sysapp.c                   0x00000000   Number         0  sys_exit.o ABSOLUTE
    ../clib/angel/sysapp.c                   0x00000000   Number         0  sys_command.o ABSOLUTE
    ../clib/armsys.c                         0x00000000   Number         0  argv_veneer.o ABSOLUTE
    ../clib/armsys.c                         0x00000000   Number         0  argv_veneer.o ABSOLUTE
    ../clib/armsys.c                         0x00000000   Number         0  _get_argv_nomalloc.o ABSOLUTE
    ../clib/armsys.c                         0x00000000   Number         0  no_argv.o ABSOLUTE
    ../clib/bigflt.c                         0x00000000   Number         0  bigflt0.o ABSOLUTE
    ../clib/btod.s                           0x00000000   Number         0  btod.o ABSOLUTE
    ../clib/heapalloc.c                      0x00000000   Number         0  hrguard.o ABSOLUTE
    ../clib/heapaux.c                        0x00000000   Number         0  heapauxi.o ABSOLUTE
    ../clib/libinit.s                        0x00000000   Number         0  libshutdown2.o ABSOLUTE
    ../clib/libinit.s                        0x00000000   Number         0  libinit.o ABSOLUTE
    ../clib/libinit.s                        0x00000000   Number         0  libinit2.o ABSOLUTE
    ../clib/libinit.s                        0x00000000   Number         0  libshutdown.o ABSOLUTE
    ../clib/locale.s                         0x00000000   Number         0  lc_numeric_c.o ABSOLUTE
    ../clib/longlong.s                       0x00000000   Number         0  lludiv10.o ABSOLUTE
    ../clib/memcpset.s                       0x00000000   Number         0  strcmpv7m.o ABSOLUTE
    ../clib/misc.s                           0x00000000   Number         0  printf_stubs.o ABSOLUTE
    ../clib/printf.c                         0x00000000   Number         0  __printf_wp.o ABSOLUTE
    ../clib/printf.c                         0x00000000   Number         0  _printf_fp_dec.o ABSOLUTE
    ../clib/printf.c                         0x00000000   Number         0  __printf_flags_wp.o ABSOLUTE
    ../clib/printf.c                         0x00000000   Number         0  __printf_ss_wp.o ABSOLUTE
    ../clib/printf.c                         0x00000000   Number         0  __printf_flags_ss_wp.o ABSOLUTE
    ../clib/printf.c                         0x00000000   Number         0  _sputc.o ABSOLUTE
    ../clib/printf.c                         0x00000000   Number         0  _printf_char_common.o ABSOLUTE
    ../clib/printf.c                         0x00000000   Number         0  __2sprintf.o ABSOLUTE
    ../clib/printf.c                         0x00000000   Number         0  noretval__2sprintf.o ABSOLUTE
    ../clib/printf.c                         0x00000000   Number         0  __printf.o ABSOLUTE
    ../clib/printf.c                         0x00000000   Number         0  __printf_nopercent.o ABSOLUTE
    ../clib/printf.c                         0x00000000   Number         0  __printf_flags.o ABSOLUTE
    ../clib/printf.c                         0x00000000   Number         0  _printf_fp_infnan.o ABSOLUTE
    ../clib/printf.c                         0x00000000   Number         0  __printf_ss.o ABSOLUTE
    ../clib/printf.c                         0x00000000   Number         0  __printf_flags_ss.o ABSOLUTE
    ../clib/printf_percent.s                 0x00000000   Number         0  _printf_f.o ABSOLUTE
    ../clib/printf_percent.s                 0x00000000   Number         0  _printf_percent_end.o ABSOLUTE
    ../clib/printf_percent.s                 0x00000000   Number         0  _printf_percent.o ABSOLUTE
    ../clib/signal.c                         0x00000000   Number         0  defsig_segv_inner.o ABSOLUTE
    ../clib/signal.c                         0x00000000   Number         0  defsig_cppl_inner.o ABSOLUTE
    ../clib/signal.c                         0x00000000   Number         0  __raise.o ABSOLUTE
    ../clib/signal.c                         0x00000000   Number         0  defsig_other.o ABSOLUTE
    ../clib/signal.c                         0x00000000   Number         0  defsig_abrt_inner.o ABSOLUTE
    ../clib/signal.c                         0x00000000   Number         0  defsig_rtmem_formal.o ABSOLUTE
    ../clib/signal.c                         0x00000000   Number         0  defsig_rtmem_outer.o ABSOLUTE
    ../clib/signal.c                         0x00000000   Number         0  defsig_pvfn_inner.o ABSOLUTE
    ../clib/signal.c                         0x00000000   Number         0  defsig_general.o ABSOLUTE
    ../clib/signal.c                         0x00000000   Number         0  defsig_rtred_inner.o ABSOLUTE
    ../clib/signal.c                         0x00000000   Number         0  defsig_stak_inner.o ABSOLUTE
    ../clib/signal.c                         0x00000000   Number         0  defsig_rtmem_inner.o ABSOLUTE
    ../clib/signal.c                         0x00000000   Number         0  defsig_exit.o ABSOLUTE
    ../clib/signal.c                         0x00000000   Number         0  defsig_fpe_inner.o ABSOLUTE
    ../clib/signal.s                         0x00000000   Number         0  defsig.o ABSOLUTE
    ../clib/stdlib.c                         0x00000000   Number         0  exit.o ABSOLUTE
    ../fplib/d2f.s                           0x00000000   Number         0  d2f.o ABSOLUTE
    ../fplib/ddiv.s                          0x00000000   Number         0  ddiv.o ABSOLUTE
    ../fplib/dflt.s                          0x00000000   Number         0  dflt_clz.o ABSOLUTE
    ../fplib/dmul.s                          0x00000000   Number         0  dmul.o ABSOLUTE
    ../fplib/dnaninf.s                       0x00000000   Number         0  dnaninf.o ABSOLUTE
    ../fplib/dretinf.s                       0x00000000   Number         0  dretinf.o ABSOLUTE
    ../fplib/f2d.s                           0x00000000   Number         0  f2d.o ABSOLUTE
    ../fplib/fnaninf.s                       0x00000000   Number         0  fnaninf.o ABSOLUTE
    ../fplib/fpinit.s                        0x00000000   Number         0  fpinit.o ABSOLUTE
    ../fplib/fretinf.s                       0x00000000   Number         0  fretinf.o ABSOLUTE
    ../fplib/istatus.s                       0x00000000   Number         0  istatus.o ABSOLUTE
    ../fplib/printf1.s                       0x00000000   Number         0  printf1.o ABSOLUTE
    ../fplib/usenofp.s                       0x00000000   Number         0  usenofp.o ABSOLUTE
    ../mathlib/fpclassify.c                  0x00000000   Number         0  fpclassify.o ABSOLUTE
    I2C.c                                    0x00000000   Number         0  i2c.o ABSOLUTE
    I2C.c                                    0x00000000   Number         0  i2c.o ABSOLUTE
    INA260.c                                 0x00000000   Number         0  ina260.o ABSOLUTE
    INA260.c                                 0x00000000   Number         0  ina260.o ABSOLUTE
    L3GD20.c                                 0x00000000   Number         0  l3gd20.o ABSOLUTE
    L3GD20.c                                 0x00000000   Number         0  l3gd20.o ABSOLUTE
    LCD.c                                    0x00000000   Number         0  lcd.o ABSOLUTE
    LCD.c                                    0x00000000   Number         0  lcd.o ABSOLUTE
    SPI.c                                    0x00000000   Number         0  spi.o ABSOLUTE
    SPI.c                                    0x00000000   Number         0  spi.o ABSOLUTE
    SysClock.c                               0x00000000   Number         0  sysclock.o ABSOLUTE
    SysClock.c                               0x00000000   Number         0  sysclock.o ABSOLUTE
    SysTimer.c                               0x00000000   Number         0  systimer.o ABSOLUTE
    SysTimer.c                               0x00000000   Number         0  systimer.o ABSOLUTE
    angle.c                                  0x00000000   Number         0  angle.o ABSOLUTE
    angle.c                                  0x00000000   Number         0  angle.o ABSOLUTE
    buttonInterrupts.c                       0x00000000   Number         0  buttoninterrupts.o ABSOLUTE
    buttonInterrupts.c                       0x00000000   Number         0  buttoninterrupts.o ABSOLUTE
    dc.s                                     0x00000000   Number         0  dc.o ABSOLUTE
    initializations.c                        0x00000000   Number         0  initializations.o ABSOLUTE
    initializations.c                        0x00000000   Number         0  initializations.o ABSOLUTE
    main.c                                   0x00000000   Number         0  main.o ABSOLUTE
    main.c                                   0x00000000   Number         0  main.o ABSOLUTE
    startup_stm32l476xx.s                    0x00000000   Number         0  startup_stm32l476xx.o ABSOLUTE
    throttle.c                               0x00000000   Number         0  throttle.o ABSOLUTE
    throttle.c                               0x00000000   Number         0  throttle.o ABSOLUTE
    RESET                                    0x08000000   Section      392  startup_stm32l476xx.o(RESET)
    !!!main                                  0x08000188   Section        8  __main.o(!!!main)
    !!!scatter                               0x08000190   Section       52  __scatter.o(!!!scatter)
    !!handler_copy                           0x080001c4   Section       26  __scatter_copy.o(!!handler_copy)
    !!handler_zi                             0x080001e0   Section       28  __scatter_zi.o(!!handler_zi)
    .ARM.Collect$$_printf_percent$$00000000  0x080001fc   Section        0  _printf_percent.o(.ARM.Collect$$_printf_percent$$00000000)
    .ARM.Collect$$_printf_percent$$00000003  0x080001fc   Section        6  _printf_f.o(.ARM.Collect$$_printf_percent$$00000003)
    .ARM.Collect$$_printf_percent$$00000017  0x08000202   Section        4  _printf_percent_end.o(.ARM.Collect$$_printf_percent$$00000017)
    .ARM.Collect$$libinit$$00000000          0x08000206   Section        2  libinit.o(.ARM.Collect$$libinit$$00000000)
    .ARM.Collect$$libinit$$00000001          0x08000208   Section        4  libinit2.o(.ARM.Collect$$libinit$$00000001)
    .ARM.Collect$$libinit$$00000004          0x0800020c   Section        0  libinit2.o(.ARM.Collect$$libinit$$00000004)
    .ARM.Collect$$libinit$$0000000A          0x0800020c   Section        0  libinit2.o(.ARM.Collect$$libinit$$0000000A)
    .ARM.Collect$$libinit$$0000000C          0x0800020c   Section        0  libinit2.o(.ARM.Collect$$libinit$$0000000C)
    .ARM.Collect$$libinit$$0000000E          0x0800020c   Section        0  libinit2.o(.ARM.Collect$$libinit$$0000000E)
    .ARM.Collect$$libinit$$0000000F          0x0800020c   Section        6  libinit2.o(.ARM.Collect$$libinit$$0000000F)
    .ARM.Collect$$libinit$$00000011          0x08000212   Section        0  libinit2.o(.ARM.Collect$$libinit$$00000011)
    .ARM.Collect$$libinit$$00000013          0x08000212   Section        0  libinit2.o(.ARM.Collect$$libinit$$00000013)
    .ARM.Collect$$libinit$$00000015          0x08000212   Section        0  libinit2.o(.ARM.Collect$$libinit$$00000015)
    .ARM.Collect$$libinit$$00000016          0x08000212   Section       10  libinit2.o(.ARM.Collect$$libinit$$00000016)
    .ARM.Collect$$libinit$$00000017          0x0800021c   Section        0  libinit2.o(.ARM.Collect$$libinit$$00000017)
    .ARM.Collect$$libinit$$00000019          0x0800021c   Section        0  libinit2.o(.ARM.Collect$$libinit$$00000019)
    .ARM.Collect$$libinit$$0000001B          0x0800021c   Section        0  libinit2.o(.ARM.Collect$$libinit$$0000001B)
    .ARM.Collect$$libinit$$0000001D          0x0800021c   Section        0  libinit2.o(.ARM.Collect$$libinit$$0000001D)
    .ARM.Collect$$libinit$$0000001F          0x0800021c   Section        0  libinit2.o(.ARM.Collect$$libinit$$0000001F)
    .ARM.Collect$$libinit$$00000021          0x0800021c   Section        0  libinit2.o(.ARM.Collect$$libinit$$00000021)
    .ARM.Collect$$libinit$$00000023          0x0800021c   Section        0  libinit2.o(.ARM.Collect$$libinit$$00000023)
    .ARM.Collect$$libinit$$00000025          0x0800021c   Section        0  libinit2.o(.ARM.Collect$$libinit$$00000025)
    .ARM.Collect$$libinit$$0000002C          0x0800021c   Section        0  libinit2.o(.ARM.Collect$$libinit$$0000002C)
    .ARM.Collect$$libinit$$0000002E          0x0800021c   Section        0  libinit2.o(.ARM.Collect$$libinit$$0000002E)
    .ARM.Collect$$libinit$$00000030          0x0800021c   Section        0  libinit2.o(.ARM.Collect$$libinit$$00000030)
    .ARM.Collect$$libinit$$00000032          0x0800021c   Section        0  libinit2.o(.ARM.Collect$$libinit$$00000032)
    .ARM.Collect$$libinit$$00000033          0x0800021c   Section        2  libinit2.o(.ARM.Collect$$libinit$$00000033)
    .ARM.Collect$$libshutdown$$00000000      0x0800021e   Section        2  libshutdown.o(.ARM.Collect$$libshutdown$$00000000)
    .ARM.Collect$$libshutdown$$00000002      0x08000220   Section        0  libshutdown2.o(.ARM.Collect$$libshutdown$$00000002)
    .ARM.Collect$$libshutdown$$00000004      0x08000220   Section        0  libshutdown2.o(.ARM.Collect$$libshutdown$$00000004)
    .ARM.Collect$$libshutdown$$00000007      0x08000220   Section        0  libshutdown2.o(.ARM.Collect$$libshutdown$$00000007)
    .ARM.Collect$$libshutdown$$0000000A      0x08000220   Section        0  libshutdown2.o(.ARM.Collect$$libshutdown$$0000000A)
    .ARM.Collect$$libshutdown$$0000000C      0x08000220   Section        0  libshutdown2.o(.ARM.Collect$$libshutdown$$0000000C)
    .ARM.Collect$$libshutdown$$0000000F      0x08000220   Section        0  libshutdown2.o(.ARM.Collect$$libshutdown$$0000000F)
    .ARM.Collect$$libshutdown$$00000010      0x08000220   Section        2  libshutdown2.o(.ARM.Collect$$libshutdown$$00000010)
    .ARM.Collect$$rtentry$$00000000          0x08000222   Section        0  __rtentry.o(.ARM.Collect$$rtentry$$00000000)
    .ARM.Collect$$rtentry$$00000002          0x08000222   Section        0  __rtentry2.o(.ARM.Collect$$rtentry$$00000002)
    .ARM.Collect$$rtentry$$00000004          0x08000222   Section        6  __rtentry4.o(.ARM.Collect$$rtentry$$00000004)
    .ARM.Collect$$rtentry$$00000009          0x08000228   Section        0  __rtentry2.o(.ARM.Collect$$rtentry$$00000009)
    .ARM.Collect$$rtentry$$0000000A          0x08000228   Section        4  __rtentry2.o(.ARM.Collect$$rtentry$$0000000A)
    .ARM.Collect$$rtentry$$0000000C          0x0800022c   Section        0  __rtentry2.o(.ARM.Collect$$rtentry$$0000000C)
    .ARM.Collect$$rtentry$$0000000D          0x0800022c   Section        8  __rtentry2.o(.ARM.Collect$$rtentry$$0000000D)
    .ARM.Collect$$rtexit$$00000000           0x08000234   Section        2  rtexit.o(.ARM.Collect$$rtexit$$00000000)
    .ARM.Collect$$rtexit$$00000002           0x08000236   Section        0  rtexit2.o(.ARM.Collect$$rtexit$$00000002)
    .ARM.Collect$$rtexit$$00000003           0x08000236   Section        4  rtexit2.o(.ARM.Collect$$rtexit$$00000003)
    .ARM.Collect$$rtexit$$00000004           0x0800023a   Section        6  rtexit2.o(.ARM.Collect$$rtexit$$00000004)
    .text                                    0x08000240   Section      132  startup_stm32l476xx.o(.text)
    $v0                                      0x08000240   Number         0  startup_stm32l476xx.o(.text)
    .text                                    0x080002c4   Section        0  noretval__2sprintf.o(.text)
    .text                                    0x080002ec   Section        0  __printf_wp.o(.text)
    .text                                    0x080003fa   Section        0  heapauxi.o(.text)
    .text                                    0x08000400   Section        0  _printf_fp_dec.o(.text)
    _fp_digits                               0x08000403   Thumb Code   432  _printf_fp_dec.o(.text)
    .text                                    0x08000824   Section        0  _printf_char_common.o(.text)
    _printf_input_char                       0x08000825   Thumb Code    10  _printf_char_common.o(.text)
    .text                                    0x08000854   Section        0  _sputc.o(.text)
    .text                                    0x08000860   Section        8  rt_locale_intlibspace.o(.text)
    .text                                    0x08000868   Section      138  lludiv10.o(.text)
    .text                                    0x080008f4   Section        0  _printf_fp_infnan.o(.text)
    .text                                    0x08000974   Section        0  bigflt0.o(.text)
    .text                                    0x08000a58   Section        8  libspace.o(.text)
    .text                                    0x08000a60   Section       74  sys_stackheap_outer.o(.text)
    .text                                    0x08000aaa   Section        0  exit.o(.text)
    .text                                    0x08000abc   Section      128  strcmpv7m.o(.text)
    .text                                    0x08000b3c   Section        0  sys_exit.o(.text)
    .text                                    0x08000b48   Section        2  use_no_semi.o(.text)
    .text                                    0x08000b4a   Section        0  indicate_semi.o(.text)
    CL$$btod_d2e                             0x08000b4a   Section       62  btod.o(CL$$btod_d2e)
    CL$$btod_d2e_denorm_low                  0x08000b88   Section       70  btod.o(CL$$btod_d2e_denorm_low)
    CL$$btod_d2e_norm_op1                    0x08000bce   Section       96  btod.o(CL$$btod_d2e_norm_op1)
    CL$$btod_div_common                      0x08000c2e   Section      824  btod.o(CL$$btod_div_common)
    CL$$btod_e2e                             0x08000f66   Section      220  btod.o(CL$$btod_e2e)
    CL$$btod_ediv                            0x08001042   Section       42  btod.o(CL$$btod_ediv)
    CL$$btod_emul                            0x0800106c   Section       42  btod.o(CL$$btod_emul)
    CL$$btod_mult_common                     0x08001096   Section      580  btod.o(CL$$btod_mult_common)
    i.EXTI3_IRQHandler                       0x080012dc   Section        0  buttoninterrupts.o(i.EXTI3_IRQHandler)
    i.EXTI9_5_IRQHandler                     0x080012f4   Section        0  buttoninterrupts.o(i.EXTI9_5_IRQHandler)
    i.GYRO_IO_CS_Init                        0x0800130c   Section        0  l3gd20.o(i.GYRO_IO_CS_Init)
    i.GYRO_IO_Write                          0x0800135c   Section        0  l3gd20.o(i.GYRO_IO_Write)
    i.GYRO_Init                              0x080013bc   Section        0  l3gd20.o(i.GYRO_Init)
    i.I2C_GPIO_Init                          0x080013e0   Section        0  i2c.o(i.I2C_GPIO_Init)
    i.I2C_Initialization                     0x08001498   Section        0  i2c.o(i.I2C_Initialization)
    i.I2C_ReceiveData                        0x080015c0   Section        0  i2c.o(i.I2C_ReceiveData)
    i.I2C_SendData                           0x0800161c   Section        0  i2c.o(i.I2C_SendData)
    i.I2C_Start                              0x08001698   Section        0  i2c.o(i.I2C_Start)
    i.I2C_Stop                               0x080016d4   Section        0  i2c.o(i.I2C_Stop)
    i.I2C_WaitLineIdle                       0x080016ea   Section        0  i2c.o(i.I2C_WaitLineIdle)
    i.INA260_init                            0x080016fc   Section        0  ina260.o(i.INA260_init)
    i.INA260_read                            0x0800171c   Section        0  ina260.o(i.INA260_read)
    i.L3GD20_Init                            0x080017dc   Section        0  l3gd20.o(i.L3GD20_Init)
    i.LCD_Clear                              0x080017fc   Section        0  lcd.o(i.LCD_Clear)
    i.LCD_Clock_Init                         0x08001834   Section        0  lcd.o(i.LCD_Clock_Init)
    i.LCD_Configure                          0x080018fc   Section        0  lcd.o(i.LCD_Configure)
    i.LCD_Conv_Char_Seg                      0x080019fc   Section        0  lcd.o(i.LCD_Conv_Char_Seg)
    LCD_Conv_Char_Seg                        0x080019fd   Thumb Code   284  lcd.o(i.LCD_Conv_Char_Seg)
    i.LCD_DisplayString                      0x08001b20   Section        0  lcd.o(i.LCD_DisplayString)
    i.LCD_Initialization                     0x08001b7c   Section        0  lcd.o(i.LCD_Initialization)
    i.LCD_PIN_Init                           0x08001b90   Section        0  lcd.o(i.LCD_PIN_Init)
    i.LCD_WriteChar                          0x08001d44   Section        0  lcd.o(i.LCD_WriteChar)
    i.SPI2_GPIO_Init                         0x080024e8   Section        0  spi.o(i.SPI2_GPIO_Init)
    i.SPI_Delay                              0x080025f0   Section        0  spi.o(i.SPI_Delay)
    i.SPI_Init                               0x08002608   Section        0  spi.o(i.SPI_Init)
    i.SPI_Write                              0x08002704   Section        0  spi.o(i.SPI_Write)
    i.SysTick_Handler                        0x08002744   Section        0  systimer.o(i.SysTick_Handler)
    i.SysTick_Init                           0x08002774   Section        0  systimer.o(i.SysTick_Init)
    i.System_Clock_Init                      0x08002800   Section        0  sysclock.o(i.System_Clock_Init)
    i.__ARM_fpclassify                       0x08002984   Section        0  fpclassify.o(i.__ARM_fpclassify)
    i._is_digit                              0x080029b4   Section        0  __printf_wp.o(i._is_digit)
    i.clock_init                             0x080029c4   Section        0  initializations.o(i.clock_init)
    i.decreaseThrottle                       0x080029e0   Section        0  throttle.o(i.decreaseThrottle)
    i.increaseThrottle                       0x08002a26   Section        0  throttle.o(i.increaseThrottle)
    i.interrupt_init                         0x08002a6c   Section        0  initializations.o(i.interrupt_init)
    i.joystick_init                          0x08002a6e   Section        0  initializations.o(i.joystick_init)
    i.main                                   0x08002a70   Section        0  main.o(i.main)
    i.pwm_init                               0x08002aa8   Section        0  initializations.o(i.pwm_init)
    locale$$code                             0x08002cfc   Section       44  lc_numeric_c.o(locale$$code)
    x$fpl$d2f                                0x08002d28   Section       98  d2f.o(x$fpl$d2f)
    $v0                                      0x08002d28   Number         0  d2f.o(x$fpl$d2f)
    x$fpl$ddiv                               0x08002d8c   Section      688  ddiv.o(x$fpl$ddiv)
    $v0                                      0x08002d8c   Number         0  ddiv.o(x$fpl$ddiv)
    ddiv_entry                               0x08002d93   Thumb Code     0  ddiv.o(x$fpl$ddiv)
    x$fpl$dfltu                              0x0800303c   Section       38  dflt_clz.o(x$fpl$dfltu)
    $v0                                      0x0800303c   Number         0  dflt_clz.o(x$fpl$dfltu)
    x$fpl$dmul                               0x08003064   Section      340  dmul.o(x$fpl$dmul)
    $v0                                      0x08003064   Number         0  dmul.o(x$fpl$dmul)
    x$fpl$dnaninf                            0x080031b8   Section      156  dnaninf.o(x$fpl$dnaninf)
    $v0                                      0x080031b8   Number         0  dnaninf.o(x$fpl$dnaninf)
    x$fpl$dretinf                            0x08003254   Section       12  dretinf.o(x$fpl$dretinf)
    $v0                                      0x08003254   Number         0  dretinf.o(x$fpl$dretinf)
    x$fpl$f2d                                0x08003260   Section       86  f2d.o(x$fpl$f2d)
    $v0                                      0x08003260   Number         0  f2d.o(x$fpl$f2d)
    x$fpl$fnaninf                            0x080032b6   Section      140  fnaninf.o(x$fpl$fnaninf)
    $v0                                      0x080032b6   Number         0  fnaninf.o(x$fpl$fnaninf)
    x$fpl$fpinit                             0x08003342   Section       10  fpinit.o(x$fpl$fpinit)
    $v0                                      0x08003342   Number         0  fpinit.o(x$fpl$fpinit)
    x$fpl$fretinf                            0x0800334c   Section       10  fretinf.o(x$fpl$fretinf)
    $v0                                      0x0800334c   Number         0  fretinf.o(x$fpl$fretinf)
    x$fpl$printf1                            0x08003356   Section        4  printf1.o(x$fpl$printf1)
    $v0                                      0x08003356   Number         0  printf1.o(x$fpl$printf1)
    .constdata                               0x0800335a   Section       72  lcd.o(.constdata)
    x$fpl$usenofp                            0x0800335a   Section        0  usenofp.o(x$fpl$usenofp)
    .constdata                               0x080033a4   Section      148  bigflt0.o(.constdata)
    tenpwrs_x                                0x080033a4   Data          60  bigflt0.o(.constdata)
    tenpwrs_i                                0x080033e0   Data          64  bigflt0.o(.constdata)
    locale$$data                             0x08003458   Section       28  lc_numeric_c.o(locale$$data)
    __lcnum_c_name                           0x0800345c   Data           2  lc_numeric_c.o(locale$$data)
    __lcnum_c_start                          0x08003464   Data           0  lc_numeric_c.o(locale$$data)
    __lcnum_c_point                          0x08003470   Data           0  lc_numeric_c.o(locale$$data)
    __lcnum_c_thousands                      0x08003472   Data           0  lc_numeric_c.o(locale$$data)
    __lcnum_c_grouping                       0x08003473   Data           0  lc_numeric_c.o(locale$$data)
    __lcnum_c_end                            0x08003474   Data           0  lc_numeric_c.o(locale$$data)
    .data                                    0x20000000   Section       12  ina260.o(.data)
    .data                                    0x2000000c   Section        5  systimer.o(.data)
    .bss                                     0x20000014   Section       96  libspace.o(.bss)
    HEAP                                     0x20000078   Section      512  startup_stm32l476xx.o(HEAP)
    Heap_Mem                                 0x20000078   Data         512  startup_stm32l476xx.o(HEAP)
    STACK                                    0x20000278   Section     1024  startup_stm32l476xx.o(STACK)
    Stack_Mem                                0x20000278   Data        1024  startup_stm32l476xx.o(STACK)
    __initial_sp                             0x20000678   Data           0  startup_stm32l476xx.o(STACK)

    Global Symbols

    Symbol Name                              Value     Ov Type        Size  Object(Section)

    BuildAttributes$$THM_ISAv4$E$P$D$K$B$S$7EM$VFPi3$EXTD16$VFPS$VFMA$PE$A:L22UL41UL21$X:L11$S22US41US21$IEEE1$IW$USESV6$~STKCKD$USESV7$~SHL$OTIME$ROPI$IEEEJ$EBA8$UX$STANDARDLIB$REQ8$PRES8$EABIv2 0x00000000   Number         0  anon$$obj.o ABSOLUTE
    Image$$ER_IROM1$$RW$$Length              0x00000000   Number         0  anon$$obj.o ABSOLUTE
    Image$$ER_IROM1$$ZI$$Length              0x00000000   Number         0  anon$$obj.o ABSOLUTE
    Image$$RW_IRAM1$$RO$$Length              0x00000000   Number         0  anon$$obj.o ABSOLUTE
    __ARM_use_no_argv                        0x00000000   Number         0  main.o ABSOLUTE
    _printf_flags                            0x00000000   Number         0  printf_stubs.o ABSOLUTE
    _printf_return_value                     0x00000000   Number         0  printf_stubs.o ABSOLUTE
    _printf_sizespec                         0x00000000   Number         0  printf_stubs.o ABSOLUTE
    _printf_widthprec                        0x00000000   Number         0  printf_stubs.o ABSOLUTE
    __ARM_exceptions_init                     - Undefined Weak Reference
    __alloca_initialize                       - Undefined Weak Reference
    __arm_preinit_                            - Undefined Weak Reference
    __cpp_initialize__aeabi_                  - Undefined Weak Reference
    __cxa_finalize                            - Undefined Weak Reference
    __sigvec_lookup                           - Undefined Weak Reference
    _atexit_init                              - Undefined Weak Reference
    _call_atexit_fns                          - Undefined Weak Reference
    _clock_init                               - Undefined Weak Reference
    _fp_trap_init                             - Undefined Weak Reference
    _fp_trap_shutdown                         - Undefined Weak Reference
    _get_lc_collate                           - Undefined Weak Reference
    _get_lc_ctype                             - Undefined Weak Reference
    _get_lc_monetary                          - Undefined Weak Reference
    _get_lc_time                              - Undefined Weak Reference
    _getenv_init                              - Undefined Weak Reference
    _handle_redirection                       - Undefined Weak Reference
    _init_alloc                               - Undefined Weak Reference
    _init_user_alloc                          - Undefined Weak Reference
    _initio                                   - Undefined Weak Reference
    _printf_post_padding                      - Undefined Weak Reference
    _printf_pre_padding                       - Undefined Weak Reference
    _rand_init                                - Undefined Weak Reference
    _signal_finish                            - Undefined Weak Reference
    _signal_init                              - Undefined Weak Reference
    _terminate_alloc                          - Undefined Weak Reference
    _terminate_user_alloc                     - Undefined Weak Reference
    _terminateio                              - Undefined Weak Reference
    Image$$RW_IRAM1$$Length                  0x00000014   Number         0  anon$$obj.o ABSOLUTE
    Image$$RW_IRAM1$$RW$$Length              0x00000014   Number         0  anon$$obj.o ABSOLUTE
    __Vectors_Size                           0x00000188   Number         0  startup_stm32l476xx.o ABSOLUTE
    Image$$RW_IRAM1$$ZI$$Length              0x00000664   Number         0  anon$$obj.o ABSOLUTE
    Image$$ER_IROM1$$RO$$Length              0x00003474   Number         0  anon$$obj.o ABSOLUTE
    Image$$ER_IROM1$$RO$$Base                0x08000000   Number         0  anon$$obj.o ABSOLUTE
    Load$$ER_IROM1$$Base                     0x08000000   Number         0  anon$$obj.o ABSOLUTE
    __Vectors                                0x08000000   Data           4  startup_stm32l476xx.o(RESET)
    __Vectors_End                            0x08000188   Data           0  startup_stm32l476xx.o(RESET)
    __main                                   0x08000189   Thumb Code     8  __main.o(!!!main)
    __scatterload                            0x08000191   Thumb Code     0  __scatter.o(!!!scatter)
    __scatterload_rt2                        0x08000191   Thumb Code    44  __scatter.o(!!!scatter)
    __scatterload_rt2_thumb_only             0x08000191   Thumb Code     0  __scatter.o(!!!scatter)
    __scatterload_null                       0x0800019f   Thumb Code     0  __scatter.o(!!!scatter)
    __scatterload_copy                       0x080001c5   Thumb Code    26  __scatter_copy.o(!!handler_copy)
    __scatterload_zeroinit                   0x080001e1   Thumb Code    28  __scatter_zi.o(!!handler_zi)
    _printf_f                                0x080001fd   Thumb Code     0  _printf_f.o(.ARM.Collect$$_printf_percent$$00000003)
    _printf_percent                          0x080001fd   Thumb Code     0  _printf_percent.o(.ARM.Collect$$_printf_percent$$00000000)
    _printf_percent_end                      0x08000203   Thumb Code     0  _printf_percent_end.o(.ARM.Collect$$_printf_percent$$00000017)
    __rt_lib_init                            0x08000207   Thumb Code     0  libinit.o(.ARM.Collect$$libinit$$00000000)
    __rt_lib_init_fp_1                       0x08000209   Thumb Code     0  libinit2.o(.ARM.Collect$$libinit$$00000001)
    __rt_lib_init_heap_1                     0x0800020d   Thumb Code     0  libinit2.o(.ARM.Collect$$libinit$$0000000A)
    __rt_lib_init_lc_common                  0x0800020d   Thumb Code     0  libinit2.o(.ARM.Collect$$libinit$$0000000F)
    __rt_lib_init_preinit_1                  0x0800020d   Thumb Code     0  libinit2.o(.ARM.Collect$$libinit$$00000004)
    __rt_lib_init_rand_1                     0x0800020d   Thumb Code     0  libinit2.o(.ARM.Collect$$libinit$$0000000E)
    __rt_lib_init_user_alloc_1               0x0800020d   Thumb Code     0  libinit2.o(.ARM.Collect$$libinit$$0000000C)
    __rt_lib_init_lc_collate_1               0x08000213   Thumb Code     0  libinit2.o(.ARM.Collect$$libinit$$00000011)
    __rt_lib_init_lc_ctype_1                 0x08000213   Thumb Code     0  libinit2.o(.ARM.Collect$$libinit$$00000013)
    __rt_lib_init_lc_monetary_1              0x08000213   Thumb Code     0  libinit2.o(.ARM.Collect$$libinit$$00000015)
    __rt_lib_init_lc_numeric_2               0x08000213   Thumb Code     0  libinit2.o(.ARM.Collect$$libinit$$00000016)
    __rt_lib_init_alloca_1                   0x0800021d   Thumb Code     0  libinit2.o(.ARM.Collect$$libinit$$0000002E)
    __rt_lib_init_argv_1                     0x0800021d   Thumb Code     0  libinit2.o(.ARM.Collect$$libinit$$0000002C)
    __rt_lib_init_atexit_1                   0x0800021d   Thumb Code     0  libinit2.o(.ARM.Collect$$libinit$$0000001B)
    __rt_lib_init_clock_1                    0x0800021d   Thumb Code     0  libinit2.o(.ARM.Collect$$libinit$$00000021)
    __rt_lib_init_cpp_1                      0x0800021d   Thumb Code     0  libinit2.o(.ARM.Collect$$libinit$$00000032)
    __rt_lib_init_exceptions_1               0x0800021d   Thumb Code     0  libinit2.o(.ARM.Collect$$libinit$$00000030)
    __rt_lib_init_fp_trap_1                  0x0800021d   Thumb Code     0  libinit2.o(.ARM.Collect$$libinit$$0000001F)
    __rt_lib_init_getenv_1                   0x0800021d   Thumb Code     0  libinit2.o(.ARM.Collect$$libinit$$00000023)
    __rt_lib_init_lc_numeric_1               0x0800021d   Thumb Code     0  libinit2.o(.ARM.Collect$$libinit$$00000017)
    __rt_lib_init_lc_time_1                  0x0800021d   Thumb Code     0  libinit2.o(.ARM.Collect$$libinit$$00000019)
    __rt_lib_init_return                     0x0800021d   Thumb Code     0  libinit2.o(.ARM.Collect$$libinit$$00000033)
    __rt_lib_init_signal_1                   0x0800021d   Thumb Code     0  libinit2.o(.ARM.Collect$$libinit$$0000001D)
    __rt_lib_init_stdio_1                    0x0800021d   Thumb Code     0  libinit2.o(.ARM.Collect$$libinit$$00000025)
    __rt_lib_shutdown                        0x0800021f   Thumb Code     0  libshutdown.o(.ARM.Collect$$libshutdown$$00000000)
    __rt_lib_shutdown_cpp_1                  0x08000221   Thumb Code     0  libshutdown2.o(.ARM.Collect$$libshutdown$$00000002)
    __rt_lib_shutdown_fp_trap_1              0x08000221   Thumb Code     0  libshutdown2.o(.ARM.Collect$$libshutdown$$00000007)
    __rt_lib_shutdown_heap_1                 0x08000221   Thumb Code     0  libshutdown2.o(.ARM.Collect$$libshutdown$$0000000F)
    __rt_lib_shutdown_return                 0x08000221   Thumb Code     0  libshutdown2.o(.ARM.Collect$$libshutdown$$00000010)
    __rt_lib_shutdown_signal_1               0x08000221   Thumb Code     0  libshutdown2.o(.ARM.Collect$$libshutdown$$0000000A)
    __rt_lib_shutdown_stdio_1                0x08000221   Thumb Code     0  libshutdown2.o(.ARM.Collect$$libshutdown$$00000004)
    __rt_lib_shutdown_user_alloc_1           0x08000221   Thumb Code     0  libshutdown2.o(.ARM.Collect$$libshutdown$$0000000C)
    __rt_entry                               0x08000223   Thumb Code     0  __rtentry.o(.ARM.Collect$$rtentry$$00000000)
    __rt_entry_presh_1                       0x08000223   Thumb Code     0  __rtentry2.o(.ARM.Collect$$rtentry$$00000002)
    __rt_entry_sh                            0x08000223   Thumb Code     0  __rtentry4.o(.ARM.Collect$$rtentry$$00000004)
    __rt_entry_li                            0x08000229   Thumb Code     0  __rtentry2.o(.ARM.Collect$$rtentry$$0000000A)
    __rt_entry_postsh_1                      0x08000229   Thumb Code     0  __rtentry2.o(.ARM.Collect$$rtentry$$00000009)
    __rt_entry_main                          0x0800022d   Thumb Code     0  __rtentry2.o(.ARM.Collect$$rtentry$$0000000D)
    __rt_entry_postli_1                      0x0800022d   Thumb Code     0  __rtentry2.o(.ARM.Collect$$rtentry$$0000000C)
    __rt_exit                                0x08000235   Thumb Code     0  rtexit.o(.ARM.Collect$$rtexit$$00000000)
    __rt_exit_ls                             0x08000237   Thumb Code     0  rtexit2.o(.ARM.Collect$$rtexit$$00000003)
    __rt_exit_prels_1                        0x08000237   Thumb Code     0  rtexit2.o(.ARM.Collect$$rtexit$$00000002)
    __rt_exit_exit                           0x0800023b   Thumb Code     0  rtexit2.o(.ARM.Collect$$rtexit$$00000004)
    Reset_Handler                            0x08000241   Thumb Code    60  startup_stm32l476xx.o(.text)
    NMI_Handler                              0x0800027d   Thumb Code     2  startup_stm32l476xx.o(.text)
    HardFault_Handler                        0x0800027f   Thumb Code     2  startup_stm32l476xx.o(.text)
    MemManage_Handler                        0x08000281   Thumb Code     2  startup_stm32l476xx.o(.text)
    BusFault_Handler                         0x08000283   Thumb Code     2  startup_stm32l476xx.o(.text)
    UsageFault_Handler                       0x08000285   Thumb Code     2  startup_stm32l476xx.o(.text)
    SVC_Handler                              0x08000287   Thumb Code     2  startup_stm32l476xx.o(.text)
    DebugMon_Handler                         0x08000289   Thumb Code     2  startup_stm32l476xx.o(.text)
    PendSV_Handler                           0x0800028b   Thumb Code     2  startup_stm32l476xx.o(.text)
    ADC1_2_IRQHandler                        0x0800028f   Thumb Code     0  startup_stm32l476xx.o(.text)
    ADC3_IRQHandler                          0x0800028f   Thumb Code     0  startup_stm32l476xx.o(.text)
    CAN1_RX0_IRQHandler                      0x0800028f   Thumb Code     0  startup_stm32l476xx.o(.text)
    CAN1_RX1_IRQHandler                      0x0800028f   Thumb Code     0  startup_stm32l476xx.o(.text)
    CAN1_SCE_IRQHandler                      0x0800028f   Thumb Code     0  startup_stm32l476xx.o(.text)
    CAN1_TX_IRQHandler                       0x0800028f   Thumb Code     0  startup_stm32l476xx.o(.text)
    COMP_IRQHandler                          0x0800028f   Thumb Code     0  startup_stm32l476xx.o(.text)
    DFSDM0_IRQHandler                        0x0800028f   Thumb Code     0  startup_stm32l476xx.o(.text)
    DFSDM1_IRQHandler                        0x0800028f   Thumb Code     0  startup_stm32l476xx.o(.text)
    DFSDM2_IRQHandler                        0x0800028f   Thumb Code     0  startup_stm32l476xx.o(.text)
    DFSDM3_IRQHandler                        0x0800028f   Thumb Code     0  startup_stm32l476xx.o(.text)
    DMA1_Channel1_IRQHandler                 0x0800028f   Thumb Code     0  startup_stm32l476xx.o(.text)
    DMA1_Channel2_IRQHandler                 0x0800028f   Thumb Code     0  startup_stm32l476xx.o(.text)
    DMA1_Channel3_IRQHandler                 0x0800028f   Thumb Code     0  startup_stm32l476xx.o(.text)
    DMA1_Channel4_IRQHandler                 0x0800028f   Thumb Code     0  startup_stm32l476xx.o(.text)
    DMA1_Channel5_IRQHandler                 0x0800028f   Thumb Code     0  startup_stm32l476xx.o(.text)
    DMA1_Channel6_IRQHandler                 0x0800028f   Thumb Code     0  startup_stm32l476xx.o(.text)
    DMA1_Channel7_IRQHandler                 0x0800028f   Thumb Code     0  startup_stm32l476xx.o(.text)
    DMA2_Channel1_IRQHandler                 0x0800028f   Thumb Code     0  startup_stm32l476xx.o(.text)
    DMA2_Channel2_IRQHandler                 0x0800028f   Thumb Code     0  startup_stm32l476xx.o(.text)
    DMA2_Channel3_IRQHandler                 0x0800028f   Thumb Code     0  startup_stm32l476xx.o(.text)
    DMA2_Channel4_IRQHandler                 0x0800028f   Thumb Code     0  startup_stm32l476xx.o(.text)
    DMA2_Channel5_IRQHandler                 0x0800028f   Thumb Code     0  startup_stm32l476xx.o(.text)
    DMA2_Channel6_IRQHandler                 0x0800028f   Thumb Code     0  startup_stm32l476xx.o(.text)
    DMA2_Channel7_IRQHandler                 0x0800028f   Thumb Code     0  startup_stm32l476xx.o(.text)
    EXTI0_IRQHandler                         0x0800028f   Thumb Code     0  startup_stm32l476xx.o(.text)
    EXTI15_10_IRQHandler                     0x0800028f   Thumb Code     0  startup_stm32l476xx.o(.text)
    EXTI1_IRQHandler                         0x0800028f   Thumb Code     0  startup_stm32l476xx.o(.text)
    EXTI2_IRQHandler                         0x0800028f   Thumb Code     0  startup_stm32l476xx.o(.text)
    EXTI4_IRQHandler                         0x0800028f   Thumb Code     0  startup_stm32l476xx.o(.text)
    FLASH_IRQHandler                         0x0800028f   Thumb Code     0  startup_stm32l476xx.o(.text)
    FMC_IRQHandler                           0x0800028f   Thumb Code     0  startup_stm32l476xx.o(.text)
    FPU_IRQHandler                           0x0800028f   Thumb Code     0  startup_stm32l476xx.o(.text)
    I2C1_ER_IRQHandler                       0x0800028f   Thumb Code     0  startup_stm32l476xx.o(.text)
    I2C1_EV_IRQHandler                       0x0800028f   Thumb Code     0  startup_stm32l476xx.o(.text)
    I2C2_ER_IRQHandler                       0x0800028f   Thumb Code     0  startup_stm32l476xx.o(.text)
    I2C2_EV_IRQHandler                       0x0800028f   Thumb Code     0  startup_stm32l476xx.o(.text)
    I2C3_ER_IRQHandler                       0x0800028f   Thumb Code     0  startup_stm32l476xx.o(.text)
    I2C3_EV_IRQHandler                       0x0800028f   Thumb Code     0  startup_stm32l476xx.o(.text)
    LCD_IRQHandler                           0x0800028f   Thumb Code     0  startup_stm32l476xx.o(.text)
    LPTIM1_IRQHandler                        0x0800028f   Thumb Code     0  startup_stm32l476xx.o(.text)
    LPTIM2_IRQHandler                        0x0800028f   Thumb Code     0  startup_stm32l476xx.o(.text)
    LPUART1_IRQHandler                       0x0800028f   Thumb Code     0  startup_stm32l476xx.o(.text)
    OTG_FS_IRQHandler                        0x0800028f   Thumb Code     0  startup_stm32l476xx.o(.text)
    PVD_PVM_IRQHandler                       0x0800028f   Thumb Code     0  startup_stm32l476xx.o(.text)
    QUADSPI_IRQHandler                       0x0800028f   Thumb Code     0  startup_stm32l476xx.o(.text)
    RCC_IRQHandler                           0x0800028f   Thumb Code     0  startup_stm32l476xx.o(.text)
    RNG_IRQHandler                           0x0800028f   Thumb Code     0  startup_stm32l476xx.o(.text)
    RTC_Alarm_IRQHandler                     0x0800028f   Thumb Code     0  startup_stm32l476xx.o(.text)
    RTC_WKUP_IRQHandler                      0x0800028f   Thumb Code     0  startup_stm32l476xx.o(.text)
    SAI1_IRQHandler                          0x0800028f   Thumb Code     0  startup_stm32l476xx.o(.text)
    SAI2_IRQHandler                          0x0800028f   Thumb Code     0  startup_stm32l476xx.o(.text)
    SDMMC1_IRQHandler                        0x0800028f   Thumb Code     0  startup_stm32l476xx.o(.text)
    SPI1_IRQHandler                          0x0800028f   Thumb Code     0  startup_stm32l476xx.o(.text)
    SPI2_IRQHandler                          0x0800028f   Thumb Code     0  startup_stm32l476xx.o(.text)
    SPI3_IRQHandler                          0x0800028f   Thumb Code     0  startup_stm32l476xx.o(.text)
    SWPMI1_IRQHandler                        0x0800028f   Thumb Code     0  startup_stm32l476xx.o(.text)
    TAMP_STAMP_IRQHandler                    0x0800028f   Thumb Code     0  startup_stm32l476xx.o(.text)
    TIM1_BRK_TIM15_IRQHandler                0x0800028f   Thumb Code     0  startup_stm32l476xx.o(.text)
    TIM1_CC_IRQHandler                       0x0800028f   Thumb Code     0  startup_stm32l476xx.o(.text)
    TIM1_TRG_COM_TIM17_IRQHandler            0x0800028f   Thumb Code     0  startup_stm32l476xx.o(.text)
    TIM1_UP_TIM16_IRQHandler                 0x0800028f   Thumb Code     0  startup_stm32l476xx.o(.text)
    TIM2_IRQHandler                          0x0800028f   Thumb Code     0  startup_stm32l476xx.o(.text)
    TIM3_IRQHandler                          0x0800028f   Thumb Code     0  startup_stm32l476xx.o(.text)
    TIM4_IRQHandler                          0x0800028f   Thumb Code     0  startup_stm32l476xx.o(.text)
    TIM5_IRQHandler                          0x0800028f   Thumb Code     0  startup_stm32l476xx.o(.text)
    TIM6_DAC_IRQHandler                      0x0800028f   Thumb Code     0  startup_stm32l476xx.o(.text)
    TIM7_IRQHandler                          0x0800028f   Thumb Code     0  startup_stm32l476xx.o(.text)
    TIM8_BRK_IRQHandler                      0x0800028f   Thumb Code     0  startup_stm32l476xx.o(.text)
    TIM8_CC_IRQHandler                       0x0800028f   Thumb Code     0  startup_stm32l476xx.o(.text)
    TIM8_TRG_COM_IRQHandler                  0x0800028f   Thumb Code     0  startup_stm32l476xx.o(.text)
    TIM8_UP_IRQHandler                       0x0800028f   Thumb Code     0  startup_stm32l476xx.o(.text)
    TSC_IRQHandler                           0x0800028f   Thumb Code     0  startup_stm32l476xx.o(.text)
    UART4_IRQHandler                         0x0800028f   Thumb Code     0  startup_stm32l476xx.o(.text)
    UART5_IRQHandler                         0x0800028f   Thumb Code     0  startup_stm32l476xx.o(.text)
    USART1_IRQHandler                        0x0800028f   Thumb Code     0  startup_stm32l476xx.o(.text)
    USART2_IRQHandler                        0x0800028f   Thumb Code     0  startup_stm32l476xx.o(.text)
    USART3_IRQHandler                        0x0800028f   Thumb Code     0  startup_stm32l476xx.o(.text)
    WWDG_IRQHandler                          0x0800028f   Thumb Code     0  startup_stm32l476xx.o(.text)
    __user_initial_stackheap                 0x08000291   Thumb Code     0  startup_stm32l476xx.o(.text)
    __2sprintf                               0x080002c5   Thumb Code    34  noretval__2sprintf.o(.text)
    __printf                                 0x080002ed   Thumb Code   270  __printf_wp.o(.text)
    __use_two_region_memory                  0x080003fb   Thumb Code     2  heapauxi.o(.text)
    __rt_heap_escrow$2region                 0x080003fd   Thumb Code     2  heapauxi.o(.text)
    __rt_heap_expand$2region                 0x080003ff   Thumb Code     2  heapauxi.o(.text)
    __lib_sel_fp_printf                      0x08000401   Thumb Code     2  _printf_fp_dec.o(.text)
    _printf_fp_dec_real                      0x080005b3   Thumb Code   620  _printf_fp_dec.o(.text)
    _printf_char_common                      0x0800082f   Thumb Code    32  _printf_char_common.o(.text)
    _sputc                                   0x08000855   Thumb Code    10  _sputc.o(.text)
    __rt_locale                              0x08000861   Thumb Code     8  rt_locale_intlibspace.o(.text)
    _ll_udiv10                               0x08000869   Thumb Code   138  lludiv10.o(.text)
    _printf_fp_infnan                        0x080008f5   Thumb Code   112  _printf_fp_infnan.o(.text)
    _btod_etento                             0x08000975   Thumb Code   224  bigflt0.o(.text)
    __user_libspace                          0x08000a59   Thumb Code     8  libspace.o(.text)
    __user_perproc_libspace                  0x08000a59   Thumb Code     0  libspace.o(.text)
    __user_perthread_libspace                0x08000a59   Thumb Code     0  libspace.o(.text)
    __user_setup_stackheap                   0x08000a61   Thumb Code    74  sys_stackheap_outer.o(.text)
    exit                                     0x08000aab   Thumb Code    18  exit.o(.text)
    strcmp                                   0x08000abd   Thumb Code   128  strcmpv7m.o(.text)
    _sys_exit                                0x08000b3d   Thumb Code     8  sys_exit.o(.text)
    __I$use$semihosting                      0x08000b49   Thumb Code     0  use_no_semi.o(.text)
    __use_no_semihosting_swi                 0x08000b49   Thumb Code     2  use_no_semi.o(.text)
    __semihosting_library_function           0x08000b4b   Thumb Code     0  indicate_semi.o(.text)
    _btod_d2e                                0x08000b4b   Thumb Code    62  btod.o(CL$$btod_d2e)
    _d2e_denorm_low                          0x08000b89   Thumb Code    70  btod.o(CL$$btod_d2e_denorm_low)
    _d2e_norm_op1                            0x08000bcf   Thumb Code    96  btod.o(CL$$btod_d2e_norm_op1)
    __btod_div_common                        0x08000c2f   Thumb Code   696  btod.o(CL$$btod_div_common)
    _e2e                                     0x08000f67   Thumb Code   220  btod.o(CL$$btod_e2e)
    _btod_ediv                               0x08001043   Thumb Code    42  btod.o(CL$$btod_ediv)
    _btod_emul                               0x0800106d   Thumb Code    42  btod.o(CL$$btod_emul)
    __btod_mult_common                       0x08001097   Thumb Code   580  btod.o(CL$$btod_mult_common)
    EXTI3_IRQHandler                         0x080012dd   Thumb Code    20  buttoninterrupts.o(i.EXTI3_IRQHandler)
    EXTI9_5_IRQHandler                       0x080012f5   Thumb Code    20  buttoninterrupts.o(i.EXTI9_5_IRQHandler)
    GYRO_IO_CS_Init                          0x0800130d   Thumb Code    76  l3gd20.o(i.GYRO_IO_CS_Init)
    GYRO_IO_Write                            0x0800135d   Thumb Code    86  l3gd20.o(i.GYRO_IO_Write)
    GYRO_Init                                0x080013bd   Thumb Code    32  l3gd20.o(i.GYRO_Init)
    I2C_GPIO_Init                            0x080013e1   Thumb Code   180  i2c.o(i.I2C_GPIO_Init)
    I2C_Initialization                       0x08001499   Thumb Code   288  i2c.o(i.I2C_Initialization)
    I2C_ReceiveData                          0x080015c1   Thumb Code    92  i2c.o(i.I2C_ReceiveData)
    I2C_SendData                             0x0800161d   Thumb Code   124  i2c.o(i.I2C_SendData)
    I2C_Start                                0x08001699   Thumb Code    54  i2c.o(i.I2C_Start)
    I2C_Stop                                 0x080016d5   Thumb Code    22  i2c.o(i.I2C_Stop)
    I2C_WaitLineIdle                         0x080016eb   Thumb Code    16  i2c.o(i.I2C_WaitLineIdle)
    INA260_init                              0x080016fd   Thumb Code    18  ina260.o(i.INA260_init)
    INA260_read                              0x0800171d   Thumb Code   142  ina260.o(i.INA260_read)
    L3GD20_Init                              0x080017dd   Thumb Code    32  l3gd20.o(i.L3GD20_Init)
    LCD_Clear                                0x080017fd   Thumb Code    52  lcd.o(i.LCD_Clear)
    LCD_Clock_Init                           0x08001835   Thumb Code   190  lcd.o(i.LCD_Clock_Init)
    LCD_Configure                            0x080018fd   Thumb Code   252  lcd.o(i.LCD_Configure)
    LCD_DisplayString                        0x08001b21   Thumb Code    92  lcd.o(i.LCD_DisplayString)
    LCD_Initialization                       0x08001b7d   Thumb Code    20  lcd.o(i.LCD_Initialization)
    LCD_PIN_Init                             0x08001b91   Thumb Code   378  lcd.o(i.LCD_PIN_Init)
    LCD_WriteChar                            0x08001d45   Thumb Code  1946  lcd.o(i.LCD_WriteChar)
    SPI2_GPIO_Init                           0x080024e9   Thumb Code   260  spi.o(i.SPI2_GPIO_Init)
    SPI_Delay                                0x080025f1   Thumb Code    22  spi.o(i.SPI_Delay)
    SPI_Init                                 0x08002609   Thumb Code   242  spi.o(i.SPI_Init)
    SPI_Write                                0x08002705   Thumb Code    62  spi.o(i.SPI_Write)
    SysTick_Handler                          0x08002745   Thumb Code    38  systimer.o(i.SysTick_Handler)
    SysTick_Init                             0x08002775   Thumb Code   128  systimer.o(i.SysTick_Init)
    System_Clock_Init                        0x08002801   Thumb Code   380  sysclock.o(i.System_Clock_Init)
    __ARM_fpclassify                         0x08002985   Thumb Code    48  fpclassify.o(i.__ARM_fpclassify)
    _is_digit                                0x080029b5   Thumb Code    14  __printf_wp.o(i._is_digit)
    clock_init                               0x080029c5   Thumb Code    24  initializations.o(i.clock_init)
    decreaseThrottle                         0x080029e1   Thumb Code    70  throttle.o(i.decreaseThrottle)
    increaseThrottle                         0x08002a27   Thumb Code    70  throttle.o(i.increaseThrottle)
    interrupt_init                           0x08002a6d   Thumb Code     2  initializations.o(i.interrupt_init)
    joystick_init                            0x08002a6f   Thumb Code     2  initializations.o(i.joystick_init)
    main                                     0x08002a71   Thumb Code    54  main.o(i.main)
    pwm_init                                 0x08002aa9   Thumb Code   588  initializations.o(i.pwm_init)
    _get_lc_numeric                          0x08002cfd   Thumb Code    44  lc_numeric_c.o(locale$$code)
    __aeabi_d2f                              0x08002d29   Thumb Code     0  d2f.o(x$fpl$d2f)
    _d2f                                     0x08002d29   Thumb Code    98  d2f.o(x$fpl$d2f)
    __aeabi_ddiv                             0x08002d8d   Thumb Code     0  ddiv.o(x$fpl$ddiv)
    _ddiv                                    0x08002d8d   Thumb Code   552  ddiv.o(x$fpl$ddiv)
    __aeabi_ui2d                             0x0800303d   Thumb Code     0  dflt_clz.o(x$fpl$dfltu)
    _dfltu                                   0x0800303d   Thumb Code    38  dflt_clz.o(x$fpl$dfltu)
    __aeabi_dmul                             0x08003065   Thumb Code     0  dmul.o(x$fpl$dmul)
    _dmul                                    0x08003065   Thumb Code   332  dmul.o(x$fpl$dmul)
    __fpl_dnaninf                            0x080031b9   Thumb Code   156  dnaninf.o(x$fpl$dnaninf)
    __fpl_dretinf                            0x08003255   Thumb Code    12  dretinf.o(x$fpl$dretinf)
    __aeabi_f2d                              0x08003261   Thumb Code     0  f2d.o(x$fpl$f2d)
    _f2d                                     0x08003261   Thumb Code    86  f2d.o(x$fpl$f2d)
    __fpl_fnaninf                            0x080032b7   Thumb Code   140  fnaninf.o(x$fpl$fnaninf)
    _fp_init                                 0x08003343   Thumb Code    10  fpinit.o(x$fpl$fpinit)
    __fplib_config_fpu_vfp                   0x0800334b   Thumb Code     0  fpinit.o(x$fpl$fpinit)
    __fplib_config_pureend_doubles           0x0800334b   Thumb Code     0  fpinit.o(x$fpl$fpinit)
    __fpl_fretinf                            0x0800334d   Thumb Code    10  fretinf.o(x$fpl$fretinf)
    _printf_fp_dec                           0x08003357   Thumb Code     4  printf1.o(x$fpl$printf1)
    CapLetterMap                             0x0800335a   Data          52  lcd.o(.constdata)
    __I$use$fp                               0x0800335a   Number         0  usenofp.o(x$fpl$usenofp)
    NumberMap                                0x0800338e   Data          20  lcd.o(.constdata)
    Region$$Table$$Base                      0x08003438   Number         0  anon$$obj.o(Region$$Table)
    Region$$Table$$Limit                     0x08003458   Number         0  anon$$obj.o(Region$$Table)
    Image$$ER_IROM1$$RO$$Limit               0x08003474   Number         0  anon$$obj.o ABSOLUTE
    Image$$ER_IROM1$$RW$$Base                0x08003474   Number         0  anon$$obj.o ABSOLUTE
    Image$$ER_IROM1$$RW$$Limit               0x08003474   Number         0  anon$$obj.o ABSOLUTE
    Image$$ER_IROM1$$ZI$$Base                0x08003474   Number         0  anon$$obj.o ABSOLUTE
    Image$$ER_IROM1$$ZI$$Limit               0x08003474   Number         0  anon$$obj.o ABSOLUTE
    Load$$RW_IRAM1$$Base                     0x08003474   Number         0  anon$$obj.o ABSOLUTE
    Image$$RW_IRAM1$$Base                    0x20000000   Number         0  anon$$obj.o ABSOLUTE
    Image$$RW_IRAM1$$RO$$Base                0x20000000   Number         0  anon$$obj.o ABSOLUTE
    Image$$RW_IRAM1$$RW$$Base                0x20000000   Number         0  anon$$obj.o ABSOLUTE
    message                                  0x20000000   Data           2  ina260.o(.data)
    SlaveAddress                             0x20000002   Data           1  ina260.o(.data)
    voltageRegisterAddress                   0x20000003   Data           1  ina260.o(.data)
    Data_Receive                             0x20000004   Data           2  ina260.o(.data)
    voltageRegisterValue                     0x20000006   Data           2  ina260.o(.data)
    voltage                                  0x20000008   Data           4  ina260.o(.data)
    msTicks                                  0x2000000c   Data           4  systimer.o(.data)
    updateTicks                              0x20000010   Data           1  systimer.o(.data)
    Image$$RW_IRAM1$$Limit                   0x20000014   Number         0  anon$$obj.o ABSOLUTE
    Image$$RW_IRAM1$$RW$$Limit               0x20000014   Number         0  anon$$obj.o ABSOLUTE
    Image$$RW_IRAM1$$ZI$$Base                0x20000014   Number         0  anon$$obj.o ABSOLUTE
    __libspace_start                         0x20000014   Data          96  libspace.o(.bss)
    __temporary_stack_top$libspace           0x20000074   Data           0  libspace.o(.bss)
    Image$$RW_IRAM1$$ZI$$Limit               0x20000678   Number         0  anon$$obj.o ABSOLUTE



==============================================================================

Memory Map of the image

  Image Entry point : 0x08000189

  Load Region LR_IROM1 (Base: 0x08000000, Size: 0x00003488, Max: 0x00100000, ABSOLUTE)

    Execution Region ER_IROM1 (Exec base: 0x08000000, Load base: 0x08000000, Size: 0x00003474, Max: 0x00100000, ABSOLUTE)

    Exec Addr    Load Addr    Size         Type   Attr      Idx    E Section Name        Object

    0x08000000   0x08000000   0x00000188   Data   RO          167    RESET               startup_stm32l476xx.o
    0x08000188   0x08000188   0x00000008   Code   RO          695  * !!!main             c_w.l(__main.o)
    0x08000190   0x08000190   0x00000034   Code   RO          931    !!!scatter          c_w.l(__scatter.o)
    0x080001c4   0x080001c4   0x0000001a   Code   RO          933    !!handler_copy      c_w.l(__scatter_copy.o)
    0x080001de   0x080001de   0x00000002   PAD
    0x080001e0   0x080001e0   0x0000001c   Code   RO          935    !!handler_zi        c_w.l(__scatter_zi.o)
    0x080001fc   0x080001fc   0x00000000   Code   RO          692    .ARM.Collect$$_printf_percent$$00000000  c_w.l(_printf_percent.o)
    0x080001fc   0x080001fc   0x00000006   Code   RO          691    .ARM.Collect$$_printf_percent$$00000003  c_w.l(_printf_f.o)
    0x08000202   0x08000202   0x00000004   Code   RO          722    .ARM.Collect$$_printf_percent$$00000017  c_w.l(_printf_percent_end.o)
    0x08000206   0x08000206   0x00000002   Code   RO          804    .ARM.Collect$$libinit$$00000000  c_w.l(libinit.o)
    0x08000208   0x08000208   0x00000004   Code   RO          805    .ARM.Collect$$libinit$$00000001  c_w.l(libinit2.o)
    0x0800020c   0x0800020c   0x00000000   Code   RO          808    .ARM.Collect$$libinit$$00000004  c_w.l(libinit2.o)
    0x0800020c   0x0800020c   0x00000000   Code   RO          811    .ARM.Collect$$libinit$$0000000A  c_w.l(libinit2.o)
    0x0800020c   0x0800020c   0x00000000   Code   RO          813    .ARM.Collect$$libinit$$0000000C  c_w.l(libinit2.o)
    0x0800020c   0x0800020c   0x00000000   Code   RO          815    .ARM.Collect$$libinit$$0000000E  c_w.l(libinit2.o)
    0x0800020c   0x0800020c   0x00000006   Code   RO          816    .ARM.Collect$$libinit$$0000000F  c_w.l(libinit2.o)
    0x08000212   0x08000212   0x00000000   Code   RO          818    .ARM.Collect$$libinit$$00000011  c_w.l(libinit2.o)
    0x08000212   0x08000212   0x00000000   Code   RO          820    .ARM.Collect$$libinit$$00000013  c_w.l(libinit2.o)
    0x08000212   0x08000212   0x00000000   Code   RO          822    .ARM.Collect$$libinit$$00000015  c_w.l(libinit2.o)
    0x08000212   0x08000212   0x0000000a   Code   RO          823    .ARM.Collect$$libinit$$00000016  c_w.l(libinit2.o)
    0x0800021c   0x0800021c   0x00000000   Code   RO          824    .ARM.Collect$$libinit$$00000017  c_w.l(libinit2.o)
    0x0800021c   0x0800021c   0x00000000   Code   RO          826    .ARM.Collect$$libinit$$00000019  c_w.l(libinit2.o)
    0x0800021c   0x0800021c   0x00000000   Code   RO          828    .ARM.Collect$$libinit$$0000001B  c_w.l(libinit2.o)
    0x0800021c   0x0800021c   0x00000000   Code   RO          830    .ARM.Collect$$libinit$$0000001D  c_w.l(libinit2.o)
    0x0800021c   0x0800021c   0x00000000   Code   RO          832    .ARM.Collect$$libinit$$0000001F  c_w.l(libinit2.o)
    0x0800021c   0x0800021c   0x00000000   Code   RO          834    .ARM.Collect$$libinit$$00000021  c_w.l(libinit2.o)
    0x0800021c   0x0800021c   0x00000000   Code   RO          836    .ARM.Collect$$libinit$$00000023  c_w.l(libinit2.o)
    0x0800021c   0x0800021c   0x00000000   Code   RO          838    .ARM.Collect$$libinit$$00000025  c_w.l(libinit2.o)
    0x0800021c   0x0800021c   0x00000000   Code   RO          842    .ARM.Collect$$libinit$$0000002C  c_w.l(libinit2.o)
    0x0800021c   0x0800021c   0x00000000   Code   RO          844    .ARM.Collect$$libinit$$0000002E  c_w.l(libinit2.o)
    0x0800021c   0x0800021c   0x00000000   Code   RO          846    .ARM.Collect$$libinit$$00000030  c_w.l(libinit2.o)
    0x0800021c   0x0800021c   0x00000000   Code   RO          848    .ARM.Collect$$libinit$$00000032  c_w.l(libinit2.o)
    0x0800021c   0x0800021c   0x00000002   Code   RO          849    .ARM.Collect$$libinit$$00000033  c_w.l(libinit2.o)
    0x0800021e   0x0800021e   0x00000002   Code   RO          879    .ARM.Collect$$libshutdown$$00000000  c_w.l(libshutdown.o)
    0x08000220   0x08000220   0x00000000   Code   RO          890    .ARM.Collect$$libshutdown$$00000002  c_w.l(libshutdown2.o)
    0x08000220   0x08000220   0x00000000   Code   RO          892    .ARM.Collect$$libshutdown$$00000004  c_w.l(libshutdown2.o)
    0x08000220   0x08000220   0x00000000   Code   RO          895    .ARM.Collect$$libshutdown$$00000007  c_w.l(libshutdown2.o)
    0x08000220   0x08000220   0x00000000   Code   RO          898    .ARM.Collect$$libshutdown$$0000000A  c_w.l(libshutdown2.o)
    0x08000220   0x08000220   0x00000000   Code   RO          900    .ARM.Collect$$libshutdown$$0000000C  c_w.l(libshutdown2.o)
    0x08000220   0x08000220   0x00000000   Code   RO          903    .ARM.Collect$$libshutdown$$0000000F  c_w.l(libshutdown2.o)
    0x08000220   0x08000220   0x00000002   Code   RO          904    .ARM.Collect$$libshutdown$$00000010  c_w.l(libshutdown2.o)
    0x08000222   0x08000222   0x00000000   Code   RO          715    .ARM.Collect$$rtentry$$00000000  c_w.l(__rtentry.o)
    0x08000222   0x08000222   0x00000000   Code   RO          733    .ARM.Collect$$rtentry$$00000002  c_w.l(__rtentry2.o)
    0x08000222   0x08000222   0x00000006   Code   RO          745    .ARM.Collect$$rtentry$$00000004  c_w.l(__rtentry4.o)
    0x08000228   0x08000228   0x00000000   Code   RO          735    .ARM.Collect$$rtentry$$00000009  c_w.l(__rtentry2.o)
    0x08000228   0x08000228   0x00000004   Code   RO          736    .ARM.Collect$$rtentry$$0000000A  c_w.l(__rtentry2.o)
    0x0800022c   0x0800022c   0x00000000   Code   RO          738    .ARM.Collect$$rtentry$$0000000C  c_w.l(__rtentry2.o)
    0x0800022c   0x0800022c   0x00000008   Code   RO          739    .ARM.Collect$$rtentry$$0000000D  c_w.l(__rtentry2.o)
    0x08000234   0x08000234   0x00000002   Code   RO          850    .ARM.Collect$$rtexit$$00000000  c_w.l(rtexit.o)
    0x08000236   0x08000236   0x00000000   Code   RO          857    .ARM.Collect$$rtexit$$00000002  c_w.l(rtexit2.o)
    0x08000236   0x08000236   0x00000004   Code   RO          858    .ARM.Collect$$rtexit$$00000003  c_w.l(rtexit2.o)
    0x0800023a   0x0800023a   0x00000006   Code   RO          859    .ARM.Collect$$rtexit$$00000004  c_w.l(rtexit2.o)
    0x08000240   0x08000240   0x00000084   Code   RO          168    .text               startup_stm32l476xx.o
    0x080002c4   0x080002c4   0x00000028   Code   RO          667    .text               c_w.l(noretval__2sprintf.o)
    0x080002ec   0x080002ec   0x0000010e   Code   RO          679    .text               c_w.l(__printf_wp.o)
    0x080003fa   0x080003fa   0x00000006   Code   RO          693    .text               c_w.l(heapauxi.o)
    0x08000400   0x08000400   0x00000424   Code   RO          716    .text               c_w.l(_printf_fp_dec.o)
    0x08000824   0x08000824   0x00000030   Code   RO          718    .text               c_w.l(_printf_char_common.o)
    0x08000854   0x08000854   0x0000000a   Code   RO          720    .text               c_w.l(_sputc.o)
    0x0800085e   0x0800085e   0x00000002   PAD
    0x08000860   0x08000860   0x00000008   Code   RO          750    .text               c_w.l(rt_locale_intlibspace.o)
    0x08000868   0x08000868   0x0000008a   Code   RO          752    .text               c_w.l(lludiv10.o)
    0x080008f2   0x080008f2   0x00000002   PAD
    0x080008f4   0x080008f4   0x00000080   Code   RO          754    .text               c_w.l(_printf_fp_infnan.o)
    0x08000974   0x08000974   0x000000e4   Code   RO          758    .text               c_w.l(bigflt0.o)
    0x08000a58   0x08000a58   0x00000008   Code   RO          790    .text               c_w.l(libspace.o)
    0x08000a60   0x08000a60   0x0000004a   Code   RO          793    .text               c_w.l(sys_stackheap_outer.o)
    0x08000aaa   0x08000aaa   0x00000012   Code   RO          795    .text               c_w.l(exit.o)
    0x08000abc   0x08000abc   0x00000080   Code   RO          797    .text               c_w.l(strcmpv7m.o)
    0x08000b3c   0x08000b3c   0x0000000c   Code   RO          869    .text               c_w.l(sys_exit.o)
    0x08000b48   0x08000b48   0x00000002   Code   RO          880    .text               c_w.l(use_no_semi.o)
    0x08000b4a   0x08000b4a   0x00000000   Code   RO          882    .text               c_w.l(indicate_semi.o)
    0x08000b4a   0x08000b4a   0x0000003e   Code   RO          761    CL$$btod_d2e        c_w.l(btod.o)
    0x08000b88   0x08000b88   0x00000046   Code   RO          763    CL$$btod_d2e_denorm_low  c_w.l(btod.o)
    0x08000bce   0x08000bce   0x00000060   Code   RO          762    CL$$btod_d2e_norm_op1  c_w.l(btod.o)
    0x08000c2e   0x08000c2e   0x00000338   Code   RO          771    CL$$btod_div_common  c_w.l(btod.o)
    0x08000f66   0x08000f66   0x000000dc   Code   RO          768    CL$$btod_e2e        c_w.l(btod.o)
    0x08001042   0x08001042   0x0000002a   Code   RO          765    CL$$btod_ediv       c_w.l(btod.o)
    0x0800106c   0x0800106c   0x0000002a   Code   RO          764    CL$$btod_emul       c_w.l(btod.o)
    0x08001096   0x08001096   0x00000244   Code   RO          770    CL$$btod_mult_common  c_w.l(btod.o)
    0x080012da   0x080012da   0x00000002   PAD
    0x080012dc   0x080012dc   0x00000018   Code   RO            4    i.EXTI3_IRQHandler  buttoninterrupts.o
    0x080012f4   0x080012f4   0x00000018   Code   RO            5    i.EXTI9_5_IRQHandler  buttoninterrupts.o
    0x0800130c   0x0800130c   0x00000050   Code   RO          555    i.GYRO_IO_CS_Init   l3gd20.o
    0x0800135c   0x0800135c   0x00000060   Code   RO          557    i.GYRO_IO_Write     l3gd20.o
    0x080013bc   0x080013bc   0x00000024   Code   RO          558    i.GYRO_Init         l3gd20.o
    0x080013e0   0x080013e0   0x000000b8   Code   RO          259    i.I2C_GPIO_Init     i2c.o
    0x08001498   0x08001498   0x00000128   Code   RO          260    i.I2C_Initialization  i2c.o
    0x080015c0   0x080015c0   0x0000005c   Code   RO          261    i.I2C_ReceiveData   i2c.o
    0x0800161c   0x0800161c   0x0000007c   Code   RO          262    i.I2C_SendData      i2c.o
    0x08001698   0x08001698   0x0000003c   Code   RO          263    i.I2C_Start         i2c.o
    0x080016d4   0x080016d4   0x00000016   Code   RO          264    i.I2C_Stop          i2c.o
    0x080016ea   0x080016ea   0x00000010   Code   RO          265    i.I2C_WaitLineIdle  i2c.o
    0x080016fa   0x080016fa   0x00000002   PAD
    0x080016fc   0x080016fc   0x00000020   Code   RO          424    i.INA260_init       ina260.o
    0x0800171c   0x0800171c   0x000000c0   Code   RO          425    i.INA260_read       ina260.o
    0x080017dc   0x080017dc   0x00000020   Code   RO          559    i.L3GD20_Init       l3gd20.o
    0x080017fc   0x080017fc   0x00000038   Code   RO          319    i.LCD_Clear         lcd.o
    0x08001834   0x08001834   0x000000c8   Code   RO          320    i.LCD_Clock_Init    lcd.o
    0x080018fc   0x080018fc   0x00000100   Code   RO          321    i.LCD_Configure     lcd.o
    0x080019fc   0x080019fc   0x00000124   Code   RO          322    i.LCD_Conv_Char_Seg  lcd.o
    0x08001b20   0x08001b20   0x0000005c   Code   RO          323    i.LCD_DisplayString  lcd.o
    0x08001b7c   0x08001b7c   0x00000014   Code   RO          324    i.LCD_Initialization  lcd.o
    0x08001b90   0x08001b90   0x000001b4   Code   RO          325    i.LCD_PIN_Init      lcd.o
    0x08001d44   0x08001d44   0x000007a4   Code   RO          326    i.LCD_WriteChar     lcd.o
    0x080024e8   0x080024e8   0x00000108   Code   RO          500    i.SPI2_GPIO_Init    spi.o
    0x080025f0   0x080025f0   0x00000016   Code   RO          501    i.SPI_Delay         spi.o
    0x08002606   0x08002606   0x00000002   PAD
    0x08002608   0x08002608   0x000000fc   Code   RO          502    i.SPI_Init          spi.o
    0x08002704   0x08002704   0x0000003e   Code   RO          504    i.SPI_Write         spi.o
    0x08002742   0x08002742   0x00000002   PAD
    0x08002744   0x08002744   0x00000030   Code   RO          457    i.SysTick_Handler   systimer.o
    0x08002774   0x08002774   0x0000008c   Code   RO          458    i.SysTick_Init      systimer.o
    0x08002800   0x08002800   0x00000184   Code   RO          397    i.System_Clock_Init  sysclock.o
    0x08002984   0x08002984   0x00000030   Code   RO          788    i.__ARM_fpclassify  m_wm.l(fpclassify.o)
    0x080029b4   0x080029b4   0x0000000e   Code   RO          681    i._is_digit         c_w.l(__printf_wp.o)
    0x080029c2   0x080029c2   0x00000002   PAD
    0x080029c4   0x080029c4   0x0000001c   Code   RO           69    i.clock_init        initializations.o
    0x080029e0   0x080029e0   0x00000046   Code   RO          183    i.decreaseThrottle  throttle.o
    0x08002a26   0x08002a26   0x00000046   Code   RO          184    i.increaseThrottle  throttle.o
    0x08002a6c   0x08002a6c   0x00000002   Code   RO           70    i.interrupt_init    initializations.o
    0x08002a6e   0x08002a6e   0x00000002   Code   RO           71    i.joystick_init     initializations.o
    0x08002a70   0x08002a70   0x00000036   Code   RO          111    i.main              main.o
    0x08002aa6   0x08002aa6   0x00000002   PAD
    0x08002aa8   0x08002aa8   0x00000254   Code   RO           72    i.pwm_init          initializations.o
    0x08002cfc   0x08002cfc   0x0000002c   Code   RO          784    locale$$code        c_w.l(lc_numeric_c.o)
    0x08002d28   0x08002d28   0x00000062   Code   RO          697    x$fpl$d2f           fz_wm.l(d2f.o)
    0x08002d8a   0x08002d8a   0x00000002   PAD
    0x08002d8c   0x08002d8c   0x000002b0   Code   RO          700    x$fpl$ddiv          fz_wm.l(ddiv.o)
    0x0800303c   0x0800303c   0x00000026   Code   RO          703    x$fpl$dfltu         fz_wm.l(dflt_clz.o)
    0x08003062   0x08003062   0x00000002   PAD
    0x08003064   0x08003064   0x00000154   Code   RO          709    x$fpl$dmul          fz_wm.l(dmul.o)
    0x080031b8   0x080031b8   0x0000009c   Code   RO          723    x$fpl$dnaninf       fz_wm.l(dnaninf.o)
    0x08003254   0x08003254   0x0000000c   Code   RO          725    x$fpl$dretinf       fz_wm.l(dretinf.o)
    0x08003260   0x08003260   0x00000056   Code   RO          711    x$fpl$f2d           fz_wm.l(f2d.o)
    0x080032b6   0x080032b6   0x0000008c   Code   RO          727    x$fpl$fnaninf       fz_wm.l(fnaninf.o)
    0x08003342   0x08003342   0x0000000a   Code   RO          854    x$fpl$fpinit        fz_wm.l(fpinit.o)
    0x0800334c   0x0800334c   0x0000000a   Code   RO          729    x$fpl$fretinf       fz_wm.l(fretinf.o)
    0x08003356   0x08003356   0x00000004   Code   RO          713    x$fpl$printf1       fz_wm.l(printf1.o)
    0x0800335a   0x0800335a   0x00000000   Code   RO          731    x$fpl$usenofp       fz_wm.l(usenofp.o)
    0x0800335a   0x0800335a   0x00000048   Data   RO          328    .constdata          lcd.o
    0x080033a2   0x080033a2   0x00000002   PAD
    0x080033a4   0x080033a4   0x00000094   Data   RO          759    .constdata          c_w.l(bigflt0.o)
    0x08003438   0x08003438   0x00000020   Data   RO          929    Region$$Table       anon$$obj.o
    0x08003458   0x08003458   0x0000001c   Data   RO          783    locale$$data        c_w.l(lc_numeric_c.o)


    Execution Region RW_IRAM1 (Exec base: 0x20000000, Load base: 0x08003474, Size: 0x00000678, Max: 0x00018000, ABSOLUTE)

    Exec Addr    Load Addr    Size         Type   Attr      Idx    E Section Name        Object

    0x20000000   0x08003474   0x0000000c   Data   RW          426    .data               ina260.o
    0x2000000c   0x08003480   0x00000005   Data   RW          460    .data               systimer.o
    0x20000011   0x08003485   0x00000003   PAD
    0x20000014        -       0x00000060   Zero   RW          791    .bss                c_w.l(libspace.o)
    0x20000074   0x08003485   0x00000004   PAD
    0x20000078        -       0x00000200   Zero   RW          166    HEAP                startup_stm32l476xx.o
    0x20000278        -       0x00000400   Zero   RW          165    STACK               startup_stm32l476xx.o


==============================================================================

Image component sizes


      Code (inc. data)   RO Data    RW Data    ZI Data      Debug   Object Name

        48          8          0          0          0     318264   buttoninterrupts.o
       794         18          0          0          0       4792   i2c.o
       224         64          0         12          0       1796   ina260.o
       628         12          0          0          0       2005   initializations.o
       244         18          0          0          0       2436   l3gd20.o
      3308        138         72          0          0       6384   lcd.o
        54          0          0          0          0        503   main.o
       600         14          0          0          0       2674   spi.o
       132         42        392          0       1536        836   startup_stm32l476xx.o
       388          8          0          0          0        624   sysclock.o
       188         22          0          5          0      31934   systimer.o
       140          0          0          0          0        934   throttle.o

    ----------------------------------------------------------------------
      6756        344        498         20       1536     373182   Object Totals
         0          0         32          0          0          0   (incl. Generated)
         8          0          2          3          0          0   (incl. Padding)

    ----------------------------------------------------------------------

      Code (inc. data)   RO Data    RW Data    ZI Data      Debug   Library Member Name

         8          0          0          0          0         68   __main.o
       284          0          0          0          0        156   __printf_wp.o
         0          0          0          0          0          0   __rtentry.o
        12          0          0          0          0          0   __rtentry2.o
         6          0          0          0          0          0   __rtentry4.o
        52          8          0          0          0          0   __scatter.o
        26          0          0          0          0          0   __scatter_copy.o
        28          0          0          0          0          0   __scatter_zi.o
        48          6          0          0          0         96   _printf_char_common.o
         6          0          0          0          0          0   _printf_f.o
      1060          0          0          0          0        216   _printf_fp_dec.o
       128         16          0          0          0         84   _printf_fp_infnan.o
         0          0          0          0          0          0   _printf_percent.o
         4          0          0          0          0          0   _printf_percent_end.o
        10          0          0          0          0         68   _sputc.o
       228          4        148          0          0         96   bigflt0.o
      1936        128          0          0          0        672   btod.o
        18          0          0          0          0         80   exit.o
         6          0          0          0          0        152   heapauxi.o
         0          0          0          0          0          0   indicate_semi.o
        44         10         28          0          0         76   lc_numeric_c.o
         2          0          0          0          0          0   libinit.o
        22          0          0          0          0          0   libinit2.o
         2          0          0          0          0          0   libshutdown.o
         2          0          0          0          0          0   libshutdown2.o
         8          4          0          0         96         68   libspace.o
       138          0          0          0          0         80   lludiv10.o
        40          6          0          0          0         84   noretval__2sprintf.o
         8          4          0          0          0         68   rt_locale_intlibspace.o
         2          0          0          0          0          0   rtexit.o
        10          0          0          0          0          0   rtexit2.o
       128          0          0          0          0         68   strcmpv7m.o
        12          4          0          0          0         68   sys_exit.o
        74          0          0          0          0         80   sys_stackheap_outer.o
         2          0          0          0          0         68   use_no_semi.o
        98          4          0          0          0        140   d2f.o
       688        140          0          0          0        256   ddiv.o
        38          0          0          0          0        116   dflt_clz.o
       340         12          0          0          0        152   dmul.o
       156          4          0          0          0        140   dnaninf.o
        12          0          0          0          0        116   dretinf.o
        86          4          0          0          0        132   f2d.o
       140          4          0          0          0        132   fnaninf.o
        10          0          0          0          0        116   fpinit.o
        10          0          0          0          0        116   fretinf.o
         4          0          0          0          0        116   printf1.o
         0          0          0          0          0          0   usenofp.o
        48          0          0          0          0        124   fpclassify.o

    ----------------------------------------------------------------------
      5998        358        176          0        100       4004   Library Totals
        14          0          0          0          4          0   (incl. Padding)

    ----------------------------------------------------------------------

      Code (inc. data)   RO Data    RW Data    ZI Data      Debug   Library Name

      4354        190        176          0         96       2348   c_w.l
      1582        168          0          0          0       1532   fz_wm.l
        48          0          0          0          0        124   m_wm.l

    ----------------------------------------------------------------------
      5998        358        176          0        100       4004   Library Totals

    ----------------------------------------------------------------------

==============================================================================


      Code (inc. data)   RO Data    RW Data    ZI Data      Debug   

     12754        702        674         20       1636     371638   Grand Totals
     12754        702        674         20       1636     371638   ELF Image Totals
     12754        702        674         20          0          0   ROM Totals

==============================================================================

    Total RO  Size (Code + RO Data)                13428 (  13.11kB)
    Total RW  Size (RW Data + ZI Data)              1656 (   1.62kB)
    Total ROM Size (Code + RO Data + RW Data)      13448 (  13.13kB)

==============================================================================

